Archive member included to satisfy reference by file (symbol)

/home/david/EC444/EC444_Quest1/servo_v0/build/cxx/libcxx.a(cxx_guards.o)
                              (__cxa_guard_dummy)
/home/david/EC444/EC444_Quest1/servo_v0/build/cxx/libcxx.a(cxx_exception_stubs.o)
                              (__cxx_fatal_exception)
/home/david/EC444/EC444_Quest1/servo_v0/build/esp32/libesp32.a(panic.o)
                              /home/david/EC444/EC444_Quest1/servo_v0/build/cxx/libcxx.a(cxx_guards.o) (abort)
/home/david/EC444/EC444_Quest1/servo_v0/build/esp32/libesp32.a(system_api.o)
                              /home/david/EC444/EC444_Quest1/servo_v0/build/esp32/libesp32.a(panic.o) (esp_restart_noos)
/home/david/EC444/EC444_Quest1/servo_v0/build/esp32/libesp32.a(cache_err_int.o)
                              /home/david/EC444/EC444_Quest1/servo_v0/build/esp32/libesp32.a(panic.o) (esp_cache_err_get_cpuid)
/home/david/EC444/EC444_Quest1/servo_v0/build/esp32/libesp32.a(cpu_start.o)
                              (call_start_cpu0)
/home/david/EC444/EC444_Quest1/servo_v0/build/esp32/libesp32.a(clk.o)
                              /home/david/EC444/EC444_Quest1/servo_v0/build/esp32/libesp32.a(cpu_start.o) (esp_clk_init)
/home/david/EC444/EC444_Quest1/servo_v0/build/esp32/libesp32.a(esp_err_to_name.o)
                              /home/david/EC444/EC444_Quest1/servo_v0/build/esp32/libesp32.a(panic.o) (esp_err_to_name)
/home/david/EC444/EC444_Quest1/servo_v0/build/esp32/libesp32.a(crosscore_int.o)
                              /home/david/EC444/EC444_Quest1/servo_v0/build/esp32/libesp32.a(cpu_start.o) (esp_crosscore_int_init)
/home/david/EC444/EC444_Quest1/servo_v0/build/esp32/libesp32.a(ipc.o)
                              /home/david/EC444/EC444_Quest1/servo_v0/build/esp32/libesp32.a(cpu_start.o) (esp_ipc_init)
/home/david/EC444/EC444_Quest1/servo_v0/build/esp32/libesp32.a(intr_alloc.o)
                              /home/david/EC444/EC444_Quest1/servo_v0/build/esp32/libesp32.a(crosscore_int.o) (esp_intr_alloc)
/home/david/EC444/EC444_Quest1/servo_v0/build/esp32/libesp32.a(int_wdt.o)
                              /home/david/EC444/EC444_Quest1/servo_v0/build/esp32/libesp32.a(cpu_start.o) (esp_int_wdt_init)
/home/david/EC444/EC444_Quest1/servo_v0/build/esp32/libesp32.a(esp_timer.o)
                              /home/david/EC444/EC444_Quest1/servo_v0/build/esp32/libesp32.a(cpu_start.o) (esp_timer_init)
/home/david/EC444/EC444_Quest1/servo_v0/build/esp32/libesp32.a(dport_access.o)
                              /home/david/EC444/EC444_Quest1/servo_v0/build/esp32/libesp32.a(system_api.o) (esp_dport_access_stall_other_cpu_start)
/home/david/EC444/EC444_Quest1/servo_v0/build/esp32/libesp32.a(brownout.o)
                              /home/david/EC444/EC444_Quest1/servo_v0/build/esp32/libesp32.a(cpu_start.o) (esp_brownout_init)
/home/david/EC444/EC444_Quest1/servo_v0/build/esp32/libesp32.a(dport_panic_highint_hdl.o)
                              (ld_include_panic_highint_hdl)
/home/david/EC444/EC444_Quest1/servo_v0/build/esp32/libesp32.a(task_wdt.o)
                              /home/david/EC444/EC444_Quest1/servo_v0/build/esp32/libesp32.a(cpu_start.o) (esp_task_wdt_init)
/home/david/EC444/EC444_Quest1/servo_v0/build/esp32/libesp32.a(dbg_stubs.o)
                              /home/david/EC444/EC444_Quest1/servo_v0/build/esp32/libesp32.a(cpu_start.o) (esp_dbg_stubs_init)
/home/david/EC444/EC444_Quest1/servo_v0/build/esp32/libesp32.a(esp_timer_esp32.o)
                              /home/david/EC444/EC444_Quest1/servo_v0/build/esp32/libesp32.a(esp_timer.o) (esp_timer_impl_get_time)
/home/david/EC444/EC444_Quest1/servo_v0/build/esp32/libesp32.a(freertos_hooks.o)
                              /home/david/EC444/EC444_Quest1/servo_v0/build/esp32/libesp32.a(task_wdt.o) (esp_register_freertos_idle_hook_for_cpu)
/home/david/esp/esp-idf/components/esp32/libhal.a(int_asm--set_intclear.o)
                              /home/david/EC444/EC444_Quest1/servo_v0/build/esp32/libesp32.a(intr_alloc.o) (xthal_set_intclear)
/home/david/EC444/EC444_Quest1/servo_v0/build/freertos/libfreertos.a(xtensa_intr.o)
                              /home/david/EC444/EC444_Quest1/servo_v0/build/esp32/libesp32.a(intr_alloc.o) (xt_unhandled_interrupt)
/home/david/EC444/EC444_Quest1/servo_v0/build/freertos/libfreertos.a(queue.o)
                              /home/david/EC444/EC444_Quest1/servo_v0/build/esp32/libesp32.a(ipc.o) (xQueueGenericCreate)
/home/david/EC444/EC444_Quest1/servo_v0/build/freertos/libfreertos.a(list.o)
                              /home/david/EC444/EC444_Quest1/servo_v0/build/freertos/libfreertos.a(queue.o) (vListInitialise)
/home/david/EC444/EC444_Quest1/servo_v0/build/freertos/libfreertos.a(port.o)
                              /home/david/EC444/EC444_Quest1/servo_v0/build/esp32/libesp32.a(cpu_start.o) (port_xSchedulerRunning)
/home/david/EC444/EC444_Quest1/servo_v0/build/freertos/libfreertos.a(tasks.o)
[...]
Memory Configuration

Name             Origin             Length             Attributes
iram0_0_seg      0x0000000040080000 0x0000000000020000 xr
iram0_2_seg      0x00000000400d0018 0x000000000032ffe8 xr
dram0_0_seg      0x000000003ffb0000 0x000000000002c200 rw
drom0_0_seg      0x000000003f400018 0x00000000003fffe8 r
rtc_iram_seg     0x00000000400c0000 0x0000000000002000 xrw
rtc_slow_seg     0x0000000050000000 0x0000000000001000 rw
*default*        0x0000000000000000 0xffffffffffffffff

Linker script and memory map

START GROUP
LOAD /home/david/EC444/EC444_Quest1/servo_v0/build/app_trace/libapp_trace.a
LOAD /home/david/EC444/EC444_Quest1/servo_v0/build/app_update/libapp_update.a
LOAD /home/david/EC444/EC444_Quest1/servo_v0/build/asio/libasio.a
LOAD /home/david/EC444/EC444_Quest1/servo_v0/build/bootloader_support/libbootloader_support.a
LOAD /home/david/EC444/EC444_Quest1/servo_v0/build/bt/libbt.a
LOAD /home/david/EC444/EC444_Quest1/servo_v0/build/coap/libcoap.a
LOAD /home/david/EC444/EC444_Quest1/servo_v0/build/console/libconsole.a
LOAD /home/david/EC444/EC444_Quest1/servo_v0/build/cxx/libcxx.a
LOAD /home/david/EC444/EC444_Quest1/servo_v0/build/driver/libdriver.a
LOAD /home/david/EC444/EC444_Quest1/servo_v0/build/esp-tls/libesp-tls.a
LOAD /home/david/EC444/EC444_Quest1/servo_v0/build/esp32/libesp32.a
LOAD /home/david/esp/esp-idf/components/esp32/libhal.a
LOAD /home/david/esp/esp-idf/components/esp32/lib/libcore.a
LOAD /home/david/esp/esp-idf/components/esp32/lib/librtc.a
LOAD /home/david/esp/esp-idf/components/esp32/lib/libnet80211.a
LOAD /home/david/esp/esp-idf/components/esp32/lib/libpp.a
LOAD /home/david/esp/esp-idf/components/esp32/lib/libwpa.a
LOAD /home/david/esp/esp-idf/components/esp32/lib/libsmartconfig.a
LOAD /home/david/esp/esp-idf/components/esp32/lib/libcoexist.a
LOAD /home/david/esp/esp-idf/components/esp32/lib/libwps.a
LOAD /home/david/esp/esp-idf/components/esp32/lib/libwpa2.a
LOAD /home/david/esp/esp-idf/components/esp32/lib/libespnow.a
LOAD /home/david/esp/esp-idf/components/esp32/lib/libphy.a
LOAD /home/david/esp/esp-idf/components/esp32/lib/libmesh.a
LOAD /home/david/EC444/EC444_Quest1/servo_v0/build/esp_adc_cal/libesp_adc_cal.a
LOAD /home/david/EC444/EC444_Quest1/servo_v0/build/esp_http_client/libesp_http_client.a
LOAD /home/david/EC444/EC444_Quest1/servo_v0/build/esp_https_ota/libesp_https_ota.a
LOAD /home/david/EC444/EC444_Quest1/servo_v0/build/ethernet/libethernet.a
LOAD /home/david/EC444/EC444_Quest1/servo_v0/build/expat/libexpat.a
LOAD /home/david/EC444/EC444_Quest1/servo_v0/build/fatfs/libfatfs.a
LOAD /home/david/EC444/EC444_Quest1/servo_v0/build/freertos/libfreertos.a
LOAD /home/david/EC444/EC444_Quest1/servo_v0/build/heap/libheap.a
LOAD /home/david/EC444/EC444_Quest1/servo_v0/build/http_server/libhttp_server.a
LOAD /home/david/EC444/EC444_Quest1/servo_v0/build/idf_test/libidf_test.a
LOAD /home/david/EC444/EC444_Quest1/servo_v0/build/jsmn/libjsmn.a
LOAD /home/david/EC444/EC444_Quest1/servo_v0/build/json/libjson.a
LOAD /home/david/EC444/EC444_Quest1/servo_v0/build/libsodium/liblibsodium.a
LOAD /home/david/EC444/EC444_Quest1/servo_v0/build/log/liblog.a
LOAD /home/david/EC444/EC444_Quest1/servo_v0/build/lwip/liblwip.a
LOAD /home/david/EC444/EC444_Quest1/servo_v0/build/main/libmain.a
LOAD /home/david/EC444/EC444_Quest1/servo_v0/build/mbedtls/libmbedtls.a
LOAD /home/david/EC444/EC444_Quest1/servo_v0/build/mdns/libmdns.a
LOAD /home/david/EC444/EC444_Quest1/servo_v0/build/micro-ecc/libmicro-ecc.a
LOAD /home/david/esp/esp-idf/components/newlib/lib/libc.a
LOAD /home/david/esp/esp-idf/components/newlib/lib/libm.a
LOAD /home/david/EC444/EC444_Quest1/servo_v0/build/newlib/libnewlib.a
LOAD /home/david/EC444/EC444_Quest1/servo_v0/build/nghttp/libnghttp.a
LOAD /home/david/EC444/EC444_Quest1/servo_v0/build/nvs_flash/libnvs_flash.a
LOAD /home/david/EC444/EC444_Quest1/servo_v0/build/openssl/libopenssl.a
LOAD /home/david/EC444/EC444_Quest1/servo_v0/build/pthread/libpthread.a
LOAD /home/david/EC444/EC444_Quest1/servo_v0/build/sdmmc/libsdmmc.a
LOAD /home/david/EC444/EC444_Quest1/servo_v0/build/smartconfig_ack/libsmartconfig_ack.a
LOAD /home/david/EC444/EC444_Quest1/servo_v0/build/soc/libsoc.a
LOAD /home/david/EC444/EC444_Quest1/servo_v0/build/spi_flash/libspi_flash.a
LOAD /home/david/EC444/EC444_Quest1/servo_v0/build/spiffs/libspiffs.a
LOAD /home/david/EC444/EC444_Quest1/servo_v0/build/tcpip_adapter/libtcpip_adapter.a
LOAD /home/david/EC444/EC444_Quest1/servo_v0/build/ulp/libulp.a
LOAD /home/david/EC444/EC444_Quest1/servo_v0/build/vfs/libvfs.a
LOAD /home/david/EC444/EC444_Quest1/servo_v0/build/wear_levelling/libwear_levelling.a
LOAD /home/david/EC444/EC444_Quest1/servo_v0/build/wpa_supplicant/libwpa_supplicant.a
LOAD /home/david/EC444/EC444_Quest1/servo_v0/build/xtensa-debug-module/libxtensa-debug-module.a
LOAD /home/david/esp/xtensa-esp32-elf/bin/../lib/gcc/xtensa-esp32-elf/5.2.0/libgcc.a
LOAD /home/david/esp/xtensa-esp32-elf/bin/../lib/gcc/xtensa-esp32-elf/5.2.0/../../../../xtensa-esp32-elf/lib/libstdc++.a
LOAD /home/david/esp/xtensa-esp32-elf/bin/../lib/gcc/xtensa-esp32-elf/5.2.0/libgcov.a
END GROUP
                0x0000000040000000                _heap_end = 0x40000000

.rtc.text       0x00000000400c0000        0x0
                0x00000000400c0000                . = ALIGN (0x4)
 *(.rtc.literal .rtc.text)
 *rtc_wake_stub*.o(.literal .text .literal.* .text.*)

.rtc.data       0x0000000050000000        0x0
                0x0000000050000000                _rtc_data_start = ABSOLUTE (.)
 *(.rtc.data)
 *(.rtc.rodata)
 *rtc_wake_stub*.o(.data .rodata .data.* .rodata.* .bss .bss.*)
                0x0000000050000000                _rtc_data_end = ABSOLUTE (.)

.rtc.bss        0x0000000050000000        0x0
                0x0000000050000000                _rtc_bss_start = ABSOLUTE (.)
 *rtc_wake_stub*.o(.bss .bss.*)
 *rtc_wake_stub*.o(COMMON)
 *(.rtc.bss)
                0x0000000050000000                _rtc_bss_end = ABSOLUTE (.)

.rtc_noinit     0x0000000050000000        0x0
                0x0000000050000000                . = ALIGN (0x4)
                0x0000000050000000                _rtc_noinit_start = ABSOLUTE (.)
 *(.rtc_noinit .rtc_noinit.*)
                0x0000000050000000                . = ALIGN (0x4)
                0x0000000050000000                _rtc_noinit_end = ABSOLUTE (.)

.iram0.vectors  0x0000000040080000      0x400
                0x0000000040080000                _iram_start = ABSOLUTE (.)
                0x0000000040080000                _init_start = ABSOLUTE (.)
                0x0000000000000000                . = 0x0
 *(.WindowVectors.text)
 .WindowVectors.text
                0x0000000040080000      0x16a /home/david/EC444/EC444_Quest1/servo_v0/build/freertos/libfreertos.a(xtensa_vectors.o)
                0x0000000040080000                _WindowOverflow4
                0x0000000040080040                _WindowUnderflow4
                0x0000000040080050                _xt_alloca_exc
                0x0000000040080080                _WindowOverflow8
                0x00000000400800c0                _WindowUnderflow8
                0x0000000040080100                _WindowOverflow12
                0x0000000040080140                _WindowUnderflow12
                0x0000000000000180                . = 0x180
 *fill*         0x000000004008016a       0x16 
 *(.Level2InterruptVector.text)
 .Level2InterruptVector.text
                0x0000000040080180        0x6 /home/david/EC444/EC444_Quest1/servo_v0/build/freertos/libfreertos.a(xtensa_vectors.o)
                0x0000000040080180                _Level2Vector
                0x00000000000001c0                . = 0x1c0
 *fill*         0x0000000040080186       0x3a 
 *(.Level3InterruptVector.text)
 .Level3InterruptVector.text
                0x00000000400801c0        0x6 /home/david/EC444/EC444_Quest1/servo_v0/build/freertos/libfreertos.a(xtensa_vectors.o)
                0x00000000400801c0                _Level3Vector
                0x0000000000000200                . = 0x200
 *fill*         0x00000000400801c6       0x3a 
 *(.Level4InterruptVector.text)
 .Level4InterruptVector.text
                0x0000000040080200        0x6 /home/david/EC444/EC444_Quest1/servo_v0/build/freertos/libfreertos.a(xtensa_vectors.o)
                0x0000000040080200                _Level4Vector
                0x0000000000000240                . = 0x240
 *fill*         0x0000000040080206       0x3a 
 *(.Level5InterruptVector.text)
 .Level5InterruptVector.text
                0x0000000040080240        0x6 /home/david/EC444/EC444_Quest1/servo_v0/build/freertos/libfreertos.a(xtensa_vectors.o)
                0x0000000040080240                _Level5Vector
                0x0000000000000280                . = 0x280
 *fill*         0x0000000040080246       0x3a 
 *(.DebugExceptionVector.text)
 .DebugExceptionVector.text
                0x0000000040080280        0x6 /home/david/EC444/EC444_Quest1/servo_v0/build/freertos/libfreertos.a(xtensa_vectors.o)
                0x0000000040080280                _DebugExceptionVector
                0x00000000000002c0                . = 0x2c0
 *fill*         0x0000000040080286       0x3a 
 *(.NMIExceptionVector.text)
 .NMIExceptionVector.text
                0x00000000400802c0        0x6 /home/david/EC444/EC444_Quest1/servo_v0/build/freertos/libfreertos.a(xtensa_vectors.o)
                0x00000000400802c0                _NMIExceptionVector
                0x0000000000000300                . = 0x300
 *fill*         0x00000000400802c6       0x3a 
 *(.KernelExceptionVector.text)
 .KernelExceptionVector.text
                0x0000000040080300        0x6 /home/david/EC444/EC444_Quest1/servo_v0/build/freertos/libfreertos.a(xtensa_vectors.o)
                0x0000000040080300                _KernelExceptionVector
                0x0000000000000340                . = 0x340
 *fill*         0x0000000040080306       0x3a 
 *(.UserExceptionVector.text)
 .UserExceptionVector.text
                0x0000000040080340        0x6 /home/david/EC444/EC444_Quest1/servo_v0/build/freertos/libfreertos.a(xtensa_vectors.o)
                0x0000000040080340                _UserExceptionVector
                0x00000000000003c0                . = 0x3c0
 *fill*         0x0000000040080346       0x7a 
 *(.DoubleExceptionVector.text)
 .DoubleExceptionVector.text
                0x00000000400803c0        0xf /home/david/EC444/EC444_Quest1/servo_v0/build/freertos/libfreertos.a(xtensa_vectors.o)
                0x00000000400803c0                _DoubleExceptionVector
                0x0000000000000400                . = 0x400
 *fill*         0x00000000400803cf       0x31 
 *(.*Vector.literal)
 *(.UserEnter.literal)
 *(.UserEnter.text)
                0x0000000040080400                . = ALIGN (0x10)
 *(.entry.text)
 *(.init.literal)
 *(.init)
                0x0000000040080400                _init_end = ABSOLUTE (.)

.iram0.text     0x0000000040080400     0xa42e
                0x0000000040080400                _iram_text_start = ABSOLUTE (.)
 *(.iram1 .iram1.*)
 .iram1.literal
                0x0000000040080400       0x5c /home/david/EC444/EC444_Quest1/servo_v0/build/esp32/libesp32.a(system_api.o)
                                         0xd0 (size before relaxing)
 .iram1.literal
                0x000000004008045c        0xc /home/david/EC444/EC444_Quest1/servo_v0/build/esp32/libesp32.a(cache_err_int.o)
                                         0x18 (size before relaxing)
 .iram1.literal
                0x0000000040080468       0xa8 /home/david/EC444/EC444_Quest1/servo_v0/build/esp32/libesp32.a(cpu_start.o)
                                        0x1c0 (size before relaxing)
 .iram1.literal
                0x0000000040080510        0xc /home/david/EC444/EC444_Quest1/servo_v0/build/esp32/libesp32.a(clk.o)
                                         0x20 (size before relaxing)
 .iram1.literal
                0x000000004008051c       0x1c /home/david/EC444/EC444_Quest1/servo_v0/build/esp32/libesp32.a(crosscore_int.o)
                                         0x40 (size before relaxing)
 .iram1.literal
                0x0000000040080538       0x20 /home/david/EC444/EC444_Quest1/servo_v0/build/esp32/libesp32.a(ipc.o)
                                         0x34 (size before relaxing)
 .iram1.literal
                0x0000000040080558       0x20 /home/david/EC444/EC444_Quest1/servo_v0/build/esp32/libesp32.a(intr_alloc.o)
                                         0x7c (size before relaxing)
 .iram1.literal
                0x0000000040080578        0x4 /home/david/EC444/EC444_Quest1/servo_v0/build/esp32/libesp32.a(int_wdt.o)
                                          0xc (size before relaxing)
 .iram1.literal
                0x000000004008057c       0x24 /home/david/EC444/EC444_Quest1/servo_v0/build/esp32/libesp32.a(esp_timer.o)
                                         0x60 (size before relaxing)
 .iram1.literal
                0x00000000400805a0       0x38 /home/david/EC444/EC444_Quest1/servo_v0/build/esp32/libesp32.a(dport_access.o)
                                         0x88 (size before relaxing)
 .iram1.literal
                0x00000000400805d8       0x10 /home/david/EC444/EC444_Quest1/servo_v0/build/esp32/libesp32.a(dport_panic_highint_hdl.o)
                                         0x28 (size before relaxing)
 .iram1.literal
                0x00000000400805e8       0x60 /home/david/EC444/EC444_Quest1/servo_v0/build/esp32/libesp32.a(esp_timer_esp32.o)
                                         0xf8 (size before relaxing)
 .iram1.literal
                0x0000000040080648        0x4 /home/david/EC444/EC444_Quest1/servo_v0/build/esp32/libesp32.a(freertos_hooks.o)
 .iram1.literal
                0x000000004008064c        0x4 /home/david/EC444/EC444_Quest1/servo_v0/build/freertos/libfreertos.a(port.o)
 .iram1.literal
                0x0000000040080650       0x44 /home/david/EC444/EC444_Quest1/servo_v0/build/freertos/libfreertos.a(xtensa_vectors.o)
                                         0x68 (size before relaxing)
 .iram1.literal
                0x0000000040080694       0x58 /home/david/EC444/EC444_Quest1/servo_v0/build/heap/libheap.a(heap_caps.o)
                                         0xb0 (size before relaxing)
 .iram1.literal
                0x00000000400806ec       0x24 /home/david/EC444/EC444_Quest1/servo_v0/build/log/liblog.a(log.o)
                                         0x48 (size before relaxing)
 .iram1.literal
                0x0000000040080710        0x4 /home/david/EC444/EC444_Quest1/servo_v0/build/newlib/libnewlib.a(time.o)
                                         0x1c (size before relaxing)
 .iram1.literal
                0x0000000040080714        0x8 /home/david/EC444/EC444_Quest1/servo_v0/build/newlib/libnewlib.a(reent_init.o)
                                         0x10 (size before relaxing)
 .iram1.literal
                0x000000004008071c        0x4 /home/david/EC444/EC444_Quest1/servo_v0/build/newlib/libnewlib.a(syscalls.o)
                                         0x14 (size before relaxing)
 .iram1.literal
                0x0000000040080720       0x14 /home/david/EC444/EC444_Quest1/servo_v0/build/newlib/libnewlib.a(locks.o)
                                         0x90 (size before relaxing)
 .iram1.literal
                0x0000000040080734       0x1c /home/david/EC444/EC444_Quest1/servo_v0/build/soc/libsoc.a(cpu_util.o)
                                         0x30 (size before relaxing)
 .iram1.literal
                0x0000000040080750       0x50 /home/david/EC444/EC444_Quest1/servo_v0/build/spi_flash/libspi_flash.a(cache_utils.o)
                                        0x120 (size before relaxing)
 .iram1.literal
                0x00000000400807a0       0x38 /home/david/EC444/EC444_Quest1/servo_v0/build/spi_flash/libspi_flash.a(flash_ops.o)
                                         0xe4 (size before relaxing)
 .iram1.literal
                0x00000000400807d8       0x4c /home/david/EC444/EC444_Quest1/servo_v0/build/spi_flash/libspi_flash.a(flash_mmap.o)
                                        0x11c (size before relaxing)
 .iram1.literal
                0x0000000040080824       0x38 /home/david/EC444/EC444_Quest1/servo_v0/build/driver/libdriver.a(i2c.o)
                                         0xb8 (size before relaxing)
 .literal.xt_unhandled_interrupt
                0x000000004008085c        0x4 /home/david/EC444/EC444_Quest1/servo_v0/build/freertos/libfreertos.a(xtensa_intr.o)
                                          0x8 (size before relaxing)
 .literal.xt_set_interrupt_handler
                0x0000000040080860        0x8 /home/david/EC444/EC444_Quest1/servo_v0/build/freertos/libfreertos.a(xtensa_intr.o)
                                          0xc (size before relaxing)
 .literal.prvIsQueueFull
                0x0000000040080868        0x0 /home/david/EC444/EC444_Quest1/servo_v0/build/freertos/libfreertos.a(queue.o)
                                          0x8 (size before relaxing)
 .literal.prvCopyDataToQueue
                0x0000000040080868        0x0 /home/david/EC444/EC444_Quest1/servo_v0/build/freertos/libfreertos.a(queue.o)
                                          0xc (size before relaxing)
 .literal.prvNotifyQueueSetContainer
                0x0000000040080868       0x14 /home/david/EC444/EC444_Quest1/servo_v0/build/freertos/libfreertos.a(queue.o)
                                         0x34 (size before relaxing)
 .literal.prvCopyDataFromQueue
                0x000000004008087c        0x0 /home/david/EC444/EC444_Quest1/servo_v0/build/freertos/libfreertos.a(queue.o)
                                          0x4 (size before relaxing)
 .literal.xQueueGenericReset
                0x000000004008087c        0x4 /home/david/EC444/EC444_Quest1/servo_v0/build/freertos/libfreertos.a(queue.o)
                                         0x30 (size before relaxing)
 .literal.prvInitialiseNewQueue
                0x0000000040080880        0x0 /home/david/EC444/EC444_Quest1/servo_v0/build/freertos/libfreertos.a(queue.o)
                                          0x4 (size before relaxing)
 .literal.xQueueGenericCreate
                0x0000000040080880        0x4 /home/david/EC444/EC444_Quest1/servo_v0/build/freertos/libfreertos.a(queue.o)
                                         0x1c (size before relaxing)
 .literal.xQueueGetMutexHolder
                0x0000000040080884        0x0 /home/david/EC444/EC444_Quest1/servo_v0/build/freertos/libfreertos.a(queue.o)
                                          0x8 (size before relaxing)
 .literal.xQueueCreateCountingSemaphore
                0x0000000040080884        0x4 /home/david/EC444/EC444_Quest1/servo_v0/build/freertos/libfreertos.a(queue.o)
                                         0x28 (size before relaxing)
 .literal.xQueueGenericSend
                0x0000000040080888        0x4 /home/david/EC444/EC444_Quest1/servo_v0/build/freertos/libfreertos.a(queue.o)
                                         0x7c (size before relaxing)
 .literal.prvInitialiseMutex
                0x000000004008088c        0x0 /home/david/EC444/EC444_Quest1/servo_v0/build/freertos/libfreertos.a(queue.o)
                                          0x8 (size before relaxing)
 .literal.xQueueCreateMutex
                0x000000004008088c        0x0 /home/david/EC444/EC444_Quest1/servo_v0/build/freertos/libfreertos.a(queue.o)
                                          0x8 (size before relaxing)
 .literal.xQueueGiveMutexRecursive
                0x000000004008088c        0x4 /home/david/EC444/EC444_Quest1/servo_v0/build/freertos/libfreertos.a(queue.o)
                                         0x1c (size before relaxing)
 .literal.xQueueGenericSendFromISR
                0x0000000040080890        0x4 /home/david/EC444/EC444_Quest1/servo_v0/build/freertos/libfreertos.a(queue.o)
                                         0x3c (size before relaxing)
 .literal.xQueueGiveFromISR
                0x0000000040080894        0x4 /home/david/EC444/EC444_Quest1/servo_v0/build/freertos/libfreertos.a(queue.o)
                                         0x30 (size before relaxing)
 .literal.xQueueGenericReceive
                0x0000000040080898        0x4 /home/david/EC444/EC444_Quest1/servo_v0/build/freertos/libfreertos.a(queue.o)
                                         0x78 (size before relaxing)
 .literal.xQueueTakeMutexRecursive
                0x000000004008089c        0x4 /home/david/EC444/EC444_Quest1/servo_v0/build/freertos/libfreertos.a(queue.o)
                                         0x1c (size before relaxing)
 .literal.xQueueReceiveFromISR
                0x00000000400808a0        0x4 /home/david/EC444/EC444_Quest1/servo_v0/build/freertos/libfreertos.a(queue.o)
                                         0x30 (size before relaxing)
 .literal.uxQueueSpacesAvailable
                0x00000000400808a4        0x4 /home/david/EC444/EC444_Quest1/servo_v0/build/freertos/libfreertos.a(queue.o)
                                         0x1c (size before relaxing)
 .literal.vQueueDelete
                0x00000000400808a8        0x4 /home/david/EC444/EC444_Quest1/servo_v0/build/freertos/libfreertos.a(queue.o)
                                         0x18 (size before relaxing)
 .literal.vQueueWaitForMessageRestricted
                0x00000000400808ac        0x0 /home/david/EC444/EC444_Quest1/servo_v0/build/freertos/libfreertos.a(queue.o)
                                          0xc (size before relaxing)
 .literal.pxPortInitialiseStack
                0x00000000400808ac       0x10 /home/david/EC444/EC444_Quest1/servo_v0/build/freertos/libfreertos.a(port.o)
                                         0x18 (size before relaxing)
 .literal.xPortStartScheduler
                0x00000000400808bc        0x0 /home/david/EC444/EC444_Quest1/servo_v0/build/freertos/libfreertos.a(port.o)
                                         0x14 (size before relaxing)
 .literal.xPortSysTickHandler
                0x00000000400808bc        0x0 /home/david/EC444/EC444_Quest1/servo_v0/build/freertos/libfreertos.a(port.o)
                                          0x8 (size before relaxing)
 .literal.vPortYieldOtherCore
                0x00000000400808bc        0x0 /home/david/EC444/EC444_Quest1/servo_v0/build/freertos/libfreertos.a(port.o)
                                          0x4 (size before relaxing)
 .literal.vPortReleaseTaskMPUSettings
                0x00000000400808bc        0x0 /home/david/EC444/EC444_Quest1/servo_v0/build/freertos/libfreertos.a(port.o)
                                          0x4 (size before relaxing)
 .literal.xPortInIsrContext
                0x00000000400808bc        0x0 /home/david/EC444/EC444_Quest1/servo_v0/build/freertos/libfreertos.a(port.o)
                                          0x8 (size before relaxing)
 .literal.vPortCPUInitializeMutex
                0x00000000400808bc        0x4 /home/david/EC444/EC444_Quest1/servo_v0/build/freertos/libfreertos.a(port.o)
 .literal.vPortCPUAcquireMutex
                0x00000000400808c0       0x1c /home/david/EC444/EC444_Quest1/servo_v0/build/freertos/libfreertos.a(port.o)
                                         0x30 (size before relaxing)
 .literal.vPortCPUReleaseMutex
                0x00000000400808dc        0xc /home/david/EC444/EC444_Quest1/servo_v0/build/freertos/libfreertos.a(port.o)
                                         0x20 (size before relaxing)
 .literal.prvResetNextTaskUnblockTime
                0x00000000400808e8        0x8 /home/david/EC444/EC444_Quest1/servo_v0/build/freertos/libfreertos.a(tasks.o)
 .literal.prvDeleteTLS
                0x00000000400808f0       0x10 /home/david/EC444/EC444_Quest1/servo_v0/build/freertos/libfreertos.a(tasks.o)
                                         0x18 (size before relaxing)
 .literal.prvInitialiseNewTask
                0x0000000040080900        0x0 /home/david/EC444/EC444_Quest1/servo_v0/build/freertos/libfreertos.a(tasks.o)
                                         0x18 (size before relaxing)
 .literal.prvInitialiseTaskLists
                0x0000000040080900       0x20 /home/david/EC444/EC444_Quest1/servo_v0/build/freertos/libfreertos.a(tasks.o)
                                         0x40 (size before relaxing)
 .literal.prvDeleteTCB
                0x0000000040080920        0x8 /home/david/EC444/EC444_Quest1/servo_v0/build/freertos/libfreertos.a(tasks.o)
                                         0x2c (size before relaxing)
 .literal.prvAddCurrentTaskToDelayedList
                0x0000000040080928        0x4 /home/david/EC444/EC444_Quest1/servo_v0/build/freertos/libfreertos.a(tasks.o)
                                         0x1c (size before relaxing)
 .literal.taskYIELD_OTHER_CORE
                0x000000004008092c        0x0 /home/david/EC444/EC444_Quest1/servo_v0/build/freertos/libfreertos.a(tasks.o)
                                         0x10 (size before relaxing)
 .literal.vTaskSuspendAll
                0x000000004008092c        0x4 /home/david/EC444/EC444_Quest1/servo_v0/build/freertos/libfreertos.a(tasks.o)
                                          0x8 (size before relaxing)
 .literal.xTaskGetIdleTaskHandleForCPU
                0x0000000040080930        0xc /home/david/EC444/EC444_Quest1/servo_v0/build/freertos/libfreertos.a(tasks.o)
                                         0x1c (size before relaxing)
 .literal.vTaskSwitchContext
                0x000000004008093c       0x18 /home/david/EC444/EC444_Quest1/servo_v0/build/freertos/libfreertos.a(tasks.o)
                                         0x3c (size before relaxing)
 .literal.vTaskSetTimeOutState
                0x0000000040080954        0xc /home/david/EC444/EC444_Quest1/servo_v0/build/freertos/libfreertos.a(tasks.o)
                                         0x20 (size before relaxing)
 .literal.xTaskGetCurrentTaskHandle
                0x0000000040080960        0x0 /home/david/EC444/EC444_Quest1/servo_v0/build/freertos/libfreertos.a(tasks.o)
                                          0x8 (size before relaxing)
 .literal.__getreent
                0x0000000040080960        0x0 /home/david/EC444/EC444_Quest1/servo_v0/build/freertos/libfreertos.a(tasks.o)
                                          0x8 (size before relaxing)
 .literal.pcTaskGetTaskName
                0x0000000040080960        0x8 /home/david/EC444/EC444_Quest1/servo_v0/build/freertos/libfreertos.a(tasks.o)
                                         0x1c (size before relaxing)
 .literal.xTaskGetAffinity
                0x0000000040080968        0x0 /home/david/EC444/EC444_Quest1/servo_v0/build/freertos/libfreertos.a(tasks.o)
                                          0x4 (size before relaxing)
 .literal.xTaskGetCurrentTaskHandleForCPU
                0x0000000040080968        0x0 /home/david/EC444/EC444_Quest1/servo_v0/build/freertos/libfreertos.a(tasks.o)
                                          0x4 (size before relaxing)
 .literal.xTaskGetSchedulerState
                0x0000000040080968        0x4 /home/david/EC444/EC444_Quest1/servo_v0/build/freertos/libfreertos.a(tasks.o)
                                          0xc (size before relaxing)
 .literal.vTaskEnterCritical
                0x000000004008096c       0x14 /home/david/EC444/EC444_Quest1/servo_v0/build/freertos/libfreertos.a(tasks.o)
                                         0x34 (size before relaxing)
 .literal.vTaskExitCritical
                0x0000000040080980        0xc /home/david/EC444/EC444_Quest1/servo_v0/build/freertos/libfreertos.a(tasks.o)
                                         0x28 (size before relaxing)
 .literal.prvAddNewTaskToReadyList
                0x000000004008098c       0x10 /home/david/EC444/EC444_Quest1/servo_v0/build/freertos/libfreertos.a(tasks.o)
                                         0x58 (size before relaxing)
 .literal.xTaskCreatePinnedToCore
                0x000000004008099c        0x0 /home/david/EC444/EC444_Quest1/servo_v0/build/freertos/libfreertos.a(tasks.o)
                                         0x18 (size before relaxing)
 .literal.vTaskStartScheduler
                0x000000004008099c       0x10 /home/david/EC444/EC444_Quest1/servo_v0/build/freertos/libfreertos.a(tasks.o)
                                         0x3c (size before relaxing)
 .literal.vTaskDelete
                0x00000000400809ac        0x8 /home/david/EC444/EC444_Quest1/servo_v0/build/freertos/libfreertos.a(tasks.o)
                                         0x60 (size before relaxing)
 .literal.vTaskDelay
                0x00000000400809b4        0x4 /home/david/EC444/EC444_Quest1/servo_v0/build/freertos/libfreertos.a(tasks.o)
                                         0x38 (size before relaxing)
 .literal.uxTaskPriorityGet
                0x00000000400809b8        0x0 /home/david/EC444/EC444_Quest1/servo_v0/build/freertos/libfreertos.a(tasks.o)
                                         0x10 (size before relaxing)
 .literal.vTaskPrioritySet
                0x00000000400809b8        0x4 /home/david/EC444/EC444_Quest1/servo_v0/build/freertos/libfreertos.a(tasks.o)
                                         0x44 (size before relaxing)
 .literal.prvCheckTasksWaitingTermination
                0x00000000400809bc        0x8 /home/david/EC444/EC444_Quest1/servo_v0/build/freertos/libfreertos.a(tasks.o)
                                         0x30 (size before relaxing)
 .literal.prvIdleTask
                0x00000000400809c4        0x0 /home/david/EC444/EC444_Quest1/servo_v0/build/freertos/libfreertos.a(tasks.o)
                                          0xc (size before relaxing)
 .literal.xTaskGetTickCount
                0x00000000400809c4        0x4 /home/david/EC444/EC444_Quest1/servo_v0/build/freertos/libfreertos.a(tasks.o)
                                         0x10 (size before relaxing)
 .literal.xTaskIncrementTick
                0x00000000400809c8        0xc /home/david/EC444/EC444_Quest1/servo_v0/build/freertos/libfreertos.a(tasks.o)
                                         0x78 (size before relaxing)
 .literal.xTaskResumeAll
                0x00000000400809d4        0x8 /home/david/EC444/EC444_Quest1/servo_v0/build/freertos/libfreertos.a(tasks.o)
                                         0x5c (size before relaxing)
 .literal.vTaskPlaceOnEventList
                0x00000000400809dc        0x8 /home/david/EC444/EC444_Quest1/servo_v0/build/freertos/libfreertos.a(tasks.o)
                                         0x40 (size before relaxing)
 .literal.vTaskPlaceOnEventListRestricted
                0x00000000400809e4        0x8 /home/david/EC444/EC444_Quest1/servo_v0/build/freertos/libfreertos.a(tasks.o)
                                         0x38 (size before relaxing)
 .literal.xTaskRemoveFromEventList
                0x00000000400809ec        0x8 /home/david/EC444/EC444_Quest1/servo_v0/build/freertos/libfreertos.a(tasks.o)
                                         0x58 (size before relaxing)
 .literal.xTaskCheckForTimeOut
                0x00000000400809f4        0xc /home/david/EC444/EC444_Quest1/servo_v0/build/freertos/libfreertos.a(tasks.o)
                                         0x3c (size before relaxing)
 .literal.vTaskPriorityInherit
                0x0000000040080a00        0x0 /home/david/EC444/EC444_Quest1/servo_v0/build/freertos/libfreertos.a(tasks.o)
                                         0x2c (size before relaxing)
 .literal.xTaskPriorityDisinherit
                0x0000000040080a00        0x8 /home/david/EC444/EC444_Quest1/servo_v0/build/freertos/libfreertos.a(tasks.o)
                                         0x40 (size before relaxing)
 .literal.pvTaskIncrementMutexHeldCount
                0x0000000040080a08        0x0 /home/david/EC444/EC444_Quest1/servo_v0/build/freertos/libfreertos.a(tasks.o)
                                         0x10 (size before relaxing)
 .literal.prvGetNextExpireTime
                0x0000000040080a08        0x4 /home/david/EC444/EC444_Quest1/servo_v0/build/freertos/libfreertos.a(timers.o)
 .literal.prvInsertTimerInActiveList
                0x0000000040080a0c        0x4 /home/david/EC444/EC444_Quest1/servo_v0/build/freertos/libfreertos.a(timers.o)
                                         0x10 (size before relaxing)
 .literal.prvCheckForValidListAndQueue
                0x0000000040080a10       0x1c /home/david/EC444/EC444_Quest1/servo_v0/build/freertos/libfreertos.a(timers.o)
                                         0x44 (size before relaxing)
 .literal.xTimerCreateTimerTask
                0x0000000040080a2c        0xc /home/david/EC444/EC444_Quest1/servo_v0/build/freertos/libfreertos.a(timers.o)
                                         0x2c (size before relaxing)
 .literal.xTimerGenericCommand
                0x0000000040080a38        0x0 /home/david/EC444/EC444_Quest1/servo_v0/build/freertos/libfreertos.a(timers.o)
                                         0x14 (size before relaxing)
 .literal.prvSwitchTimerLists
                0x0000000040080a38        0x4 /home/david/EC444/EC444_Quest1/servo_v0/build/freertos/libfreertos.a(timers.o)
                                         0x28 (size before relaxing)
 .literal.prvSampleTimeNow
                0x0000000040080a3c        0x4 /home/david/EC444/EC444_Quest1/servo_v0/build/freertos/libfreertos.a(timers.o)
                                          0xc (size before relaxing)
 .literal.prvProcessExpiredTimer
                0x0000000040080a40        0x4 /home/david/EC444/EC444_Quest1/servo_v0/build/freertos/libfreertos.a(timers.o)
                                         0x24 (size before relaxing)
 .literal.prvProcessTimerOrBlockTask
                0x0000000040080a44        0x0 /home/david/EC444/EC444_Quest1/servo_v0/build/freertos/libfreertos.a(timers.o)
                                         0x24 (size before relaxing)
 .literal.prvProcessReceivedCommands
                0x0000000040080a44        0x8 /home/david/EC444/EC444_Quest1/servo_v0/build/freertos/libfreertos.a(timers.o)
                                         0x40 (size before relaxing)
 .literal.prvTimerTask
                0x0000000040080a4c        0x0 /home/david/EC444/EC444_Quest1/servo_v0/build/freertos/libfreertos.a(timers.o)
                                          0xc (size before relaxing)
 .literal       0x0000000040080a4c        0x0 /home/david/EC444/EC444_Quest1/servo_v0/build/freertos/libfreertos.a(xtensa_context.o)
                                         0x10 (size before relaxing)
 .literal       0x0000000040080a4c       0x10 /home/david/EC444/EC444_Quest1/servo_v0/build/freertos/libfreertos.a(portasm.o)
                                         0x54 (size before relaxing)
 .literal._xt_tick_divisor_init
                0x0000000040080a5c        0x4 /home/david/EC444/EC444_Quest1/servo_v0/build/freertos/libfreertos.a(xtensa_init.o)
                                          0xc (size before relaxing)
 .literal.prvReturnItemByteBuf
                0x0000000040080a60        0xc /home/david/EC444/EC444_Quest1/servo_v0/build/freertos/libfreertos.a(ringbuf.o)
                                         0x1c (size before relaxing)
 .literal.prvGetItemByteBuf
                0x0000000040080a6c        0x4 /home/david/EC444/EC444_Quest1/servo_v0/build/freertos/libfreertos.a(ringbuf.o)
                                         0x24 (size before relaxing)
 .literal.prvCheckItemFitsByteBuffer
                0x0000000040080a70        0x4 /home/david/EC444/EC444_Quest1/servo_v0/build/freertos/libfreertos.a(ringbuf.o)
                                         0x14 (size before relaxing)
 .literal.prvReturnItemDefault
                0x0000000040080a74        0x4 /home/david/EC444/EC444_Quest1/servo_v0/build/freertos/libfreertos.a(ringbuf.o)
                                         0x44 (size before relaxing)
 .literal.prvGetItemDefault
                0x0000000040080a78        0x4 /home/david/EC444/EC444_Quest1/servo_v0/build/freertos/libfreertos.a(ringbuf.o)
                                         0x4c (size before relaxing)
 .literal.prvCheckItemFitsDefault
                0x0000000040080a7c        0x4 /home/david/EC444/EC444_Quest1/servo_v0/build/freertos/libfreertos.a(ringbuf.o)
                                         0x1c (size before relaxing)
 .literal.prvGetFreeSize
                0x0000000040080a80        0x4 /home/david/EC444/EC444_Quest1/servo_v0/build/freertos/libfreertos.a(ringbuf.o)
                                         0x14 (size before relaxing)
 .literal.prvCopyItemByteBuf
                0x0000000040080a84        0x4 /home/david/EC444/EC444_Quest1/servo_v0/build/freertos/libfreertos.a(ringbuf.o)
                                         0x1c (size before relaxing)
 .literal.prvCopyItemAllowSplit
                0x0000000040080a88        0x4 /home/david/EC444/EC444_Quest1/servo_v0/build/freertos/libfreertos.a(ringbuf.o)
                                         0x2c (size before relaxing)
 .literal.prvCopyItemNoSplit
                0x0000000040080a8c        0x4 /home/david/EC444/EC444_Quest1/servo_v0/build/freertos/libfreertos.a(ringbuf.o)
                                         0x28 (size before relaxing)
 .literal.prvReceiveGeneric
                0x0000000040080a90        0x4 /home/david/EC444/EC444_Quest1/servo_v0/build/freertos/libfreertos.a(ringbuf.o)
                                         0x3c (size before relaxing)
 .literal.prvReceiveGenericFromISR
                0x0000000040080a94        0x4 /home/david/EC444/EC444_Quest1/servo_v0/build/freertos/libfreertos.a(ringbuf.o)
                                         0x2c (size before relaxing)
 .literal.xRingbufferCreate
                0x0000000040080a98       0x38 /home/david/EC444/EC444_Quest1/servo_v0/build/freertos/libfreertos.a(ringbuf.o)
                                         0x6c (size before relaxing)
 .literal.xRingbufferSend
                0x0000000040080ad0        0x4 /home/david/EC444/EC444_Quest1/servo_v0/build/freertos/libfreertos.a(ringbuf.o)
                                         0x40 (size before relaxing)
 .literal.xRingbufferSendFromISR
                0x0000000040080ad4        0x4 /home/david/EC444/EC444_Quest1/servo_v0/build/freertos/libfreertos.a(ringbuf.o)
                                         0x30 (size before relaxing)
 .literal.xRingbufferReceive
                0x0000000040080ad8        0x4 /home/david/EC444/EC444_Quest1/servo_v0/build/freertos/libfreertos.a(ringbuf.o)
                                         0x18 (size before relaxing)
 .literal.xRingbufferReceiveFromISR
                0x0000000040080adc        0x4 /home/david/EC444/EC444_Quest1/servo_v0/build/freertos/libfreertos.a(ringbuf.o)
                                         0x18 (size before relaxing)
 .literal.xRingbufferReceiveUpToFromISR
                0x0000000040080ae0        0x4 /home/david/EC444/EC444_Quest1/servo_v0/build/freertos/libfreertos.a(ringbuf.o)
                                         0x20 (size before relaxing)
 .literal.vRingbufferReturnItem
                0x0000000040080ae4        0x4 /home/david/EC444/EC444_Quest1/servo_v0/build/freertos/libfreertos.a(ringbuf.o)
                                         0x28 (size before relaxing)
 .literal.vRingbufferReturnItemFromISR
                0x0000000040080ae8        0x4 /home/david/EC444/EC444_Quest1/servo_v0/build/freertos/libfreertos.a(ringbuf.o)
                                         0x28 (size before relaxing)
 .literal.vRingbufferDelete
                0x0000000040080aec        0x4 /home/david/EC444/EC444_Quest1/servo_v0/build/freertos/libfreertos.a(ringbuf.o)
                                         0x24 (size before relaxing)
 .literal.xRingbufferGetMaxItemSize
                0x0000000040080af0        0x4 /home/david/EC444/EC444_Quest1/servo_v0/build/freertos/libfreertos.a(ringbuf.o)
                                         0x14 (size before relaxing)
 .literal.get_prev_free_block
                0x0000000040080af4       0x10 /home/david/EC444/EC444_Quest1/servo_v0/build/heap/libheap.a(multi_heap.o)
                                         0x28 (size before relaxing)
 .literal.split_if_necessary
                0x0000000040080b04       0x10 /home/david/EC444/EC444_Quest1/servo_v0/build/heap/libheap.a(multi_heap.o)
                                         0x50 (size before relaxing)
 .literal.assert_valid_block
                0x0000000040080b14        0x0 /home/david/EC444/EC444_Quest1/servo_v0/build/heap/libheap.a(multi_heap.o)
                                         0x2c (size before relaxing)
 .literal.merge_adjacent
                0x0000000040080b14        0x8 /home/david/EC444/EC444_Quest1/servo_v0/build/heap/libheap.a(multi_heap.o)
                                         0x4c (size before relaxing)
 .literal.multi_heap_get_allocated_size_impl
                0x0000000040080b1c        0x0 /home/david/EC444/EC444_Quest1/servo_v0/build/heap/libheap.a(multi_heap.o)
                                         0x10 (size before relaxing)
 .literal.multi_heap_malloc_impl
                0x0000000040080b1c        0x0 /home/david/EC444/EC444_Quest1/servo_v0/build/heap/libheap.a(multi_heap.o)
                                         0x28 (size before relaxing)
 .literal.multi_heap_free_impl
                0x0000000040080b1c        0x0 /home/david/EC444/EC444_Quest1/servo_v0/build/heap/libheap.a(multi_heap.o)
                                         0x50 (size before relaxing)
 .literal.multi_heap_realloc_impl
                0x0000000040080b1c        0x8 /home/david/EC444/EC444_Quest1/servo_v0/build/heap/libheap.a(multi_heap.o)
                                         0x68 (size before relaxing)
 .literal.panicPutChar
                0x0000000040080b24        0x8 /home/david/EC444/EC444_Quest1/servo_v0/build/esp32/libesp32.a(panic.o)
 .literal.panicPutStr
                0x0000000040080b2c        0x0 /home/david/EC444/EC444_Quest1/servo_v0/build/esp32/libesp32.a(panic.o)
                                          0x4 (size before relaxing)
 .literal.panicPutHex
                0x0000000040080b2c        0x0 /home/david/EC444/EC444_Quest1/servo_v0/build/esp32/libesp32.a(panic.o)
                                          0x8 (size before relaxing)
 .literal.panicPutDec
                0x0000000040080b2c        0x4 /home/david/EC444/EC444_Quest1/servo_v0/build/esp32/libesp32.a(panic.o)
                                         0x10 (size before relaxing)
 .literal.reconfigureAllWdts
                0x0000000040080b30       0x10 /home/david/EC444/EC444_Quest1/servo_v0/build/esp32/libesp32.a(panic.o)
                                         0x24 (size before relaxing)
 .literal.putEntry
                0x0000000040080b40       0x10 /home/david/EC444/EC444_Quest1/servo_v0/build/esp32/libesp32.a(panic.o)
                                         0x20 (size before relaxing)
 .literal.doBacktrace
                0x0000000040080b50       0x10 /home/david/EC444/EC444_Quest1/servo_v0/build/esp32/libesp32.a(panic.o)
                                         0x24 (size before relaxing)
 .literal.invoke_abort
                0x0000000040080b60        0x4 /home/david/EC444/EC444_Quest1/servo_v0/build/esp32/libesp32.a(panic.o)
                                          0x8 (size before relaxing)
 .literal.haltOtherCore
                0x0000000040080b64        0x0 /home/david/EC444/EC444_Quest1/servo_v0/build/esp32/libesp32.a(panic.o)
                                          0x4 (size before relaxing)
 .literal.commonErrorHandler_dump
                0x0000000040080b64       0x30 /home/david/EC444/EC444_Quest1/servo_v0/build/esp32/libesp32.a(panic.o)
                                         0x90 (size before relaxing)
 .literal.esp_panic_dig_reset
                0x0000000040080b94        0x0 /home/david/EC444/EC444_Quest1/servo_v0/build/esp32/libesp32.a(panic.o)
                                         0x14 (size before relaxing)
 .literal.commonErrorHandler
                0x0000000040080b94        0x8 /home/david/EC444/EC444_Quest1/servo_v0/build/esp32/libesp32.a(panic.o)
                                         0x4c (size before relaxing)
 .literal.abort
                0x0000000040080b9c        0x8 /home/david/EC444/EC444_Quest1/servo_v0/build/esp32/libesp32.a(panic.o)
                                         0x18 (size before relaxing)
 .literal.vApplicationStackOverflowHook
                0x0000000040080ba4        0x8 /home/david/EC444/EC444_Quest1/servo_v0/build/esp32/libesp32.a(panic.o)
                                         0x18 (size before relaxing)
 .literal.panicHandler
                0x0000000040080bac       0x34 /home/david/EC444/EC444_Quest1/servo_v0/build/esp32/libesp32.a(panic.o)
                                         0xa8 (size before relaxing)
 .literal.xt_unhandled_exception
                0x0000000040080be0       0x18 /home/david/EC444/EC444_Quest1/servo_v0/build/esp32/libesp32.a(panic.o)
                                         0x64 (size before relaxing)
 .literal._esp_error_check_failed
                0x0000000040080bf8       0x14 /home/david/EC444/EC444_Quest1/servo_v0/build/esp32/libesp32.a(panic.o)
                                         0x30 (size before relaxing)
 .literal.rtc_wdt_get_protect_status
                0x0000000040080c0c        0x8 /home/david/EC444/EC444_Quest1/servo_v0/build/soc/libsoc.a(rtc_wdt.o)
 .literal.rtc_wdt_protect_off
                0x0000000040080c14        0x0 /home/david/EC444/EC444_Quest1/servo_v0/build/soc/libsoc.a(rtc_wdt.o)
                                          0x8 (size before relaxing)
 .literal.rtc_wdt_protect_on
                0x0000000040080c14        0x0 /home/david/EC444/EC444_Quest1/servo_v0/build/soc/libsoc.a(rtc_wdt.o)
                                          0x4 (size before relaxing)
 .literal.rtc_wdt_enable
                0x0000000040080c14        0xc /home/david/EC444/EC444_Quest1/servo_v0/build/soc/libsoc.a(rtc_wdt.o)
                                         0x10 (size before relaxing)
 .literal.rtc_wdt_feed
                0x0000000040080c20        0x0 /home/david/EC444/EC444_Quest1/servo_v0/build/soc/libsoc.a(rtc_wdt.o)
                                         0x14 (size before relaxing)
 .literal.rtc_wdt_set_time
                0x0000000040080c20       0x14 /home/david/EC444/EC444_Quest1/servo_v0/build/soc/libsoc.a(rtc_wdt.o)
                                         0x20 (size before relaxing)
 .literal.rtc_wdt_set_stage
                0x0000000040080c34       0x10 /home/david/EC444/EC444_Quest1/servo_v0/build/soc/libsoc.a(rtc_wdt.o)
                                         0x14 (size before relaxing)
 .literal.rtc_wdt_disable
                0x0000000040080c44        0x0 /home/david/EC444/EC444_Quest1/servo_v0/build/soc/libsoc.a(rtc_wdt.o)
                                         0x2c (size before relaxing)
 .literal.rtc_wdt_set_length_of_reset_signal
                0x0000000040080c44        0x4 /home/david/EC444/EC444_Quest1/servo_v0/build/soc/libsoc.a(rtc_wdt.o)
                                          0xc (size before relaxing)
 .literal.rtc_wdt_is_on
                0x0000000040080c48        0x0 /home/david/EC444/EC444_Quest1/servo_v0/build/soc/libsoc.a(rtc_wdt.o)
                                          0x4 (size before relaxing)
 .literal.rtc_init
                0x0000000040080c48       0x90 /home/david/EC444/EC444_Quest1/servo_v0/build/soc/libsoc.a(rtc_init.o)
                                         0xdc (size before relaxing)
 .literal.rtc_clk_cal_internal
                0x0000000040080cd8       0x34 /home/david/EC444/EC444_Quest1/servo_v0/build/soc/libsoc.a(rtc_time.o)
                                         0x64 (size before relaxing)
 .literal.rtc_clk_cal
                0x0000000040080d0c        0x0 /home/david/EC444/EC444_Quest1/servo_v0/build/soc/libsoc.a(rtc_time.o)
                                          0xc (size before relaxing)
 .literal.rtc_time_get
                0x0000000040080d0c       0x10 /home/david/EC444/EC444_Quest1/servo_v0/build/soc/libsoc.a(rtc_time.o)
                                         0x18 (size before relaxing)
 .literal.rtc_clk_wait_for_slow_cycle
                0x0000000040080d1c        0x8 /home/david/EC444/EC444_Quest1/servo_v0/build/soc/libsoc.a(rtc_time.o)
                                         0x20 (size before relaxing)
 .literal.rtc_clk_32k_enable_common
                0x0000000040080d24       0x14 /home/david/EC444/EC444_Quest1/servo_v0/build/soc/libsoc.a(rtc_clk.o)
 .literal.rtc_clk_bbpll_disable
                0x0000000040080d38        0x8 /home/david/EC444/EC444_Quest1/servo_v0/build/soc/libsoc.a(rtc_clk.o)
                                         0x10 (size before relaxing)
 .literal.rtc_clk_bbpll_enable
                0x0000000040080d40        0x4 /home/david/EC444/EC444_Quest1/servo_v0/build/soc/libsoc.a(rtc_clk.o)
                                          0x8 (size before relaxing)
 .literal.rtc_clk_32k_enable
                0x0000000040080d44        0x0 /home/david/EC444/EC444_Quest1/servo_v0/build/soc/libsoc.a(rtc_clk.o)
                                          0xc (size before relaxing)
 .literal.rtc_clk_32k_enable_external
                0x0000000040080d44        0x0 /home/david/EC444/EC444_Quest1/servo_v0/build/soc/libsoc.a(rtc_clk.o)
                                          0x4 (size before relaxing)
 .literal.rtc_clk_8m_enable
                0x0000000040080d44        0x0 /home/david/EC444/EC444_Quest1/servo_v0/build/soc/libsoc.a(rtc_clk.o)
                                         0x10 (size before relaxing)
 .literal.rtc_clk_slow_freq_set
                0x0000000040080d44        0x0 /home/david/EC444/EC444_Quest1/servo_v0/build/soc/libsoc.a(rtc_clk.o)
                                          0xc (size before relaxing)
 .literal.rtc_clk_slow_freq_get
                0x0000000040080d44        0x0 /home/david/EC444/EC444_Quest1/servo_v0/build/soc/libsoc.a(rtc_clk.o)
                                          0x4 (size before relaxing)
 .literal.rtc_clk_slow_freq_get_hz
                0x0000000040080d44        0x0 /home/david/EC444/EC444_Quest1/servo_v0/build/soc/libsoc.a(rtc_clk.o)
                                         0x10 (size before relaxing)
 .literal.rtc_clk_fast_freq_set
                0x0000000040080d44        0x0 /home/david/EC444/EC444_Quest1/servo_v0/build/soc/libsoc.a(rtc_clk.o)
                                          0xc (size before relaxing)
 .literal.rtc_clk_bbpll_configure
                0x0000000040080d44        0x8 /home/david/EC444/EC444_Quest1/servo_v0/build/soc/libsoc.a(rtc_clk.o)
                                         0x3c (size before relaxing)
 .literal.rtc_clk_xtal_freq_get
                0x0000000040080d4c        0x8 /home/david/EC444/EC444_Quest1/servo_v0/build/soc/libsoc.a(rtc_clk.o)
 .literal.rtc_clk_cpu_freq_mhz_to_config
                0x0000000040080d54        0x0 /home/david/EC444/EC444_Quest1/servo_v0/build/soc/libsoc.a(rtc_clk.o)
                                          0x4 (size before relaxing)
 .literal.rtc_clk_cpu_freq_get_config
                0x0000000040080d54       0x14 /home/david/EC444/EC444_Quest1/servo_v0/build/soc/libsoc.a(rtc_clk.o)
                                         0x28 (size before relaxing)
 .literal.rtc_clk_apb_freq_update
                0x0000000040080d68        0x4 /home/david/EC444/EC444_Quest1/servo_v0/build/soc/libsoc.a(rtc_clk.o)
 .literal.rtc_clk_cpu_freq_to_xtal
                0x0000000040080d6c        0xc /home/david/EC444/EC444_Quest1/servo_v0/build/soc/libsoc.a(rtc_clk.o)
                                         0x34 (size before relaxing)
 .literal.rtc_clk_cpu_freq_set_xtal
                0x0000000040080d78        0x0 /home/david/EC444/EC444_Quest1/servo_v0/build/soc/libsoc.a(rtc_clk.o)
                                         0x10 (size before relaxing)
 .literal.rtc_clk_cpu_freq_to_pll_mhz
                0x0000000040080d78        0xc /home/david/EC444/EC444_Quest1/servo_v0/build/soc/libsoc.a(rtc_clk.o)
                                         0x38 (size before relaxing)
 .literal.rtc_clk_cpu_freq_to_8m
                0x0000000040080d84        0x4 /home/david/EC444/EC444_Quest1/servo_v0/build/soc/libsoc.a(rtc_clk.o)
                                         0x2c (size before relaxing)
 .literal.rtc_clk_cpu_freq_set_config
                0x0000000040080d88        0x0 /home/david/EC444/EC444_Quest1/servo_v0/build/soc/libsoc.a(rtc_clk.o)
                                         0x30 (size before relaxing)
 .literal.rtc_clk_apb_freq_get
                0x0000000040080d88        0x4 /home/david/EC444/EC444_Quest1/servo_v0/build/soc/libsoc.a(rtc_clk.o)
                                         0x10 (size before relaxing)
 .literal       0x0000000040080d8c        0x0 /home/david/esp/esp-idf/components/esp32/libhal.a(windowspill_asm.o)
                                          0x4 (size before relaxing)
 .literal.esp_rom_spiflash_read_status
                0x0000000040080d8c       0x10 /home/david/EC444/EC444_Quest1/servo_v0/build/spi_flash/libspi_flash.a(spi_flash_rom_patch.o)
                                         0x14 (size before relaxing)
 .literal.esp_rom_spiflash_wait_idle
                0x0000000040080d9c        0x8 /home/david/EC444/EC444_Quest1/servo_v0/build/spi_flash/libspi_flash.a(spi_flash_rom_patch.o)
                                          0xc (size before relaxing)
 .literal.esp_rom_spiflash_erase_block_internal
                0x0000000040080da4        0x4 /home/david/EC444/EC444_Quest1/servo_v0/build/spi_flash/libspi_flash.a(spi_flash_rom_patch.o)
                                         0x18 (size before relaxing)
 .literal.esp_rom_spiflash_erase_sector_internal
                0x0000000040080da8        0x0 /home/david/EC444/EC444_Quest1/servo_v0/build/spi_flash/libspi_flash.a(spi_flash_rom_patch.o)
                                         0x18 (size before relaxing)
 .literal.esp_rom_spiflash_read_data
                0x0000000040080da8       0x18 /home/david/EC444/EC444_Quest1/servo_v0/build/spi_flash/libspi_flash.a(spi_flash_rom_patch.o)
                                         0x34 (size before relaxing)
 .literal.esp_rom_spiflash_enable_write
                0x0000000040080dc0        0x0 /home/david/EC444/EC444_Quest1/servo_v0/build/spi_flash/libspi_flash.a(spi_flash_rom_patch.o)
                                         0x10 (size before relaxing)
 .literal.esp_rom_spiflash_program_page_internal
                0x0000000040080dc0       0x10 /home/david/EC444/EC444_Quest1/servo_v0/build/spi_flash/libspi_flash.a(spi_flash_rom_patch.o)
                                         0x40 (size before relaxing)
 .literal.esp_rom_spiflash_read_statushigh
                0x0000000040080dd0        0x4 /home/david/EC444/EC444_Quest1/servo_v0/build/spi_flash/libspi_flash.a(spi_flash_rom_patch.o)
                                          0xc (size before relaxing)
 .literal.esp_rom_spiflash_write_status
                0x0000000040080dd4        0x4 /home/david/EC444/EC444_Quest1/servo_v0/build/spi_flash/libspi_flash.a(spi_flash_rom_patch.o)
                                         0x14 (size before relaxing)
 .literal.esp_rom_spiflash_unlock
                0x0000000040080dd8        0x8 /home/david/EC444/EC444_Quest1/servo_v0/build/spi_flash/libspi_flash.a(spi_flash_rom_patch.o)
                                         0x28 (size before relaxing)
 .literal.esp_rom_spiflash_erase_block
                0x0000000040080de0        0xc /home/david/EC444/EC444_Quest1/servo_v0/build/spi_flash/libspi_flash.a(spi_flash_rom_patch.o)
                                         0x20 (size before relaxing)
 .literal.esp_rom_spiflash_erase_sector
                0x0000000040080dec        0x0 /home/david/EC444/EC444_Quest1/servo_v0/build/spi_flash/libspi_flash.a(spi_flash_rom_patch.o)
                                         0x20 (size before relaxing)
 .literal.esp_rom_spiflash_write
                0x0000000040080dec        0x0 /home/david/EC444/EC444_Quest1/servo_v0/build/spi_flash/libspi_flash.a(spi_flash_rom_patch.o)
                                         0x28 (size before relaxing)
 .literal.esp_rom_spiflash_write_encrypted
                0x0000000040080dec        0xc /home/david/EC444/EC444_Quest1/servo_v0/build/spi_flash/libspi_flash.a(spi_flash_rom_patch.o)
                                         0x10 (size before relaxing)
 .literal.esp_rom_spiflash_read
                0x0000000040080df8       0x30 /home/david/EC444/EC444_Quest1/servo_v0/build/spi_flash/libspi_flash.a(spi_flash_rom_patch.o)
                                         0x5c (size before relaxing)
 .literal       0x0000000040080e28       0x10 /home/david/esp/esp-idf/components/newlib/lib/libm.a(lib_a-s_fpclassify.o)
                                         0x18 (size before relaxing)
 .literal       0x0000000040080e38        0x0 /home/david/esp/esp-idf/components/newlib/lib/libc.a(lib_a-clock.o)
                                          0x8 (size before relaxing)
 .iram1         0x0000000040080e38      0x1f1 /home/david/EC444/EC444_Quest1/servo_v0/build/esp32/libesp32.a(system_api.o)
                                        0x244 (size before relaxing)
                0x0000000040080eb0                esp_restart_noos
                0x0000000040081008                esp_restart
                0x0000000040081008                system_restart
 *fill*         0x0000000040081029        0x3 
 .iram1         0x000000004008102c       0x2c /home/david/EC444/EC444_Quest1/servo_v0/build/esp32/libesp32.a(cache_err_int.o)
                                         0x34 (size before relaxing)
                0x000000004008102c                esp_cache_err_get_cpuid
 .iram1         0x0000000040081058      0x25a /home/david/EC444/EC444_Quest1/servo_v0/build/esp32/libesp32.a(cpu_start.o)
                                        0x30e (size before relaxing)
                0x0000000040081058                start_cpu0
                0x0000000040081058                start_cpu0_default
                0x0000000040081128                start_cpu1_default
                0x0000000040081128                start_cpu1
                0x00000000400811a4                call_start_cpu0
 *fill*         0x00000000400812b2        0x2 
 .iram1         0x00000000400812b4       0x47 /home/david/EC444/EC444_Quest1/servo_v0/build/esp32/libesp32.a(clk.o)
                                         0x4b (size before relaxing)
                0x00000000400812b4                esp_clk_cpu_freq
                0x00000000400812c4                esp_clk_apb_freq
                0x00000000400812dc                esp_clk_xtal_freq
                0x00000000400812ec                ets_update_cpu_frequency
 *fill*         0x00000000400812fb        0x1 
 .iram1         0x00000000400812fc       0xb0 /home/david/EC444/EC444_Quest1/servo_v0/build/esp32/libesp32.a(crosscore_int.o)
                                         0xc0 (size before relaxing)
                0x0000000040081394                esp_crosscore_int_send_yield
                0x00000000400813a0                esp_crosscore_int_send_freq_switch
 .iram1         0x00000000400813ac       0x7f /home/david/EC444/EC444_Quest1/servo_v0/build/esp32/libesp32.a(ipc.o)
                                         0x8b (size before relaxing)
 *fill*         0x000000004008142b        0x1 
 .iram1         0x000000004008142c      0x2b6 /home/david/EC444/EC444_Quest1/servo_v0/build/esp32/libesp32.a(intr_alloc.o)
                                        0x2ce (size before relaxing)
                0x0000000040081468                esp_intr_set_in_iram
                0x00000000400814f0                esp_intr_enable
                0x0000000040081578                esp_intr_disable
                0x0000000040081640                esp_intr_noniram_disable
                0x000000004008168c                esp_intr_noniram_enable
                0x00000000400816cc                ets_isr_unmask
                0x00000000400816d8                ets_isr_mask
 *fill*         0x00000000400816e2        0x2 
 .iram1         0x00000000400816e4       0x53 /home/david/EC444/EC444_Quest1/servo_v0/build/esp32/libesp32.a(int_wdt.o)
 *fill*         0x0000000040081737        0x1 
 .iram1         0x0000000040081738      0x205 /home/david/EC444/EC444_Quest1/servo_v0/build/esp32/libesp32.a(esp_timer.o)
                                        0x219 (size before relaxing)
                0x0000000040081854                esp_timer_stop
                0x0000000040081878                esp_timer_get_next_alarm
                0x0000000040081898                esp_timer_get_time
                0x00000000400818a8                esp_timer_start_once
                0x00000000400818ec                esp_timer_start_periodic
 *fill*         0x000000004008193d        0x3 
 .iram1         0x0000000040081940      0x1e3 /home/david/EC444/EC444_Quest1/servo_v0/build/esp32/libesp32.a(dport_access.o)
                                        0x1ef (size before relaxing)
                0x0000000040081940                esp_dport_access_stall_other_cpu_start
                0x00000000400819f0                esp_dport_access_stall_other_cpu_end
                0x0000000040081a6c                esp_dport_access_stall_other_cpu_start_wrap
                0x0000000040081a74                esp_dport_access_stall_other_cpu_end_wrap
                0x0000000040081a7c                esp_dport_access_int_pause
                0x0000000040081aa0                esp_dport_access_int_abort
                0x0000000040081ab4                esp_dport_access_int_resume
                0x0000000040081ad8                esp_dport_access_reg_read
                0x0000000040081af0                esp_dport_access_sequence_reg_read
                0x0000000040081afc                esp_dport_access_read_buffer
 *fill*         0x0000000040081b23        0x1 
 .iram1         0x0000000040081b24       0xda /home/david/EC444/EC444_Quest1/servo_v0/build/esp32/libesp32.a(dport_panic_highint_hdl.o)
                0x0000000040081b24                xt_highint4
                0x0000000040081bfe                ld_include_panic_highint_hdl
 *fill*         0x0000000040081bfe        0x2 
 .iram1         0x0000000040081c00      0x4af /home/david/EC444/EC444_Quest1/servo_v0/build/esp32/libesp32.a(esp_timer_esp32.o)
                                        0x4bb (size before relaxing)
                0x0000000040081d24                esp_timer_impl_get_time
                0x0000000040081e94                esp_timer_impl_set_alarm
                0x0000000040081fdc                esp_timer_impl_update_apb_freq
                0x00000000400820a4                esp_timer_impl_get_min_period_us
 *fill*         0x00000000400820af        0x1 
 .iram1         0x00000000400820b0       0x27 /home/david/EC444/EC444_Quest1/servo_v0/build/esp32/libesp32.a(freertos_hooks.o)
                0x00000000400820b0                esp_vApplicationTickHook
 *fill*         0x00000000400820d7        0x1 
 .iram1         0x00000000400820d8       0x1a /home/david/EC444/EC444_Quest1/servo_v0/build/freertos/libfreertos.a(port.o)
                0x00000000400820d8                xPortInterruptedFromISRContext
 *fill*         0x00000000400820f2        0x2 
 .iram1         0x00000000400820f4      0x4b4 /home/david/EC444/EC444_Quest1/servo_v0/build/freertos/libfreertos.a(xtensa_vectors.o)
                0x00000000400820f4                _xt_panic
                0x000000004008220c                _xt_user_exit
                0x00000000400824f8                _xt_medint2_exit
                0x0000000040082594                _xt_medint3_exit
 .iram1         0x00000000400825a8      0x3f1 /home/david/EC444/EC444_Quest1/servo_v0/build/heap/libheap.a(heap_caps.o)
                                        0x40d (size before relaxing)
                0x0000000040082638                heap_caps_malloc
                0x00000000400826d8                heap_caps_malloc_default
                0x000000004008271c                heap_caps_malloc_prefer
                0x0000000040082774                heap_caps_free
                0x00000000400827ac                heap_caps_realloc
                0x0000000040082858                heap_caps_realloc_default
                0x00000000400828b0                heap_caps_realloc_prefer
                0x0000000040082914                heap_caps_calloc
                0x0000000040082944                heap_caps_calloc_prefer
 *fill*         0x0000000040082999        0x3 
 .iram1         0x000000004008299c      0x18a /home/david/EC444/EC444_Quest1/servo_v0/build/log/liblog.a(log.o)
                                        0x19a (size before relaxing)
                0x000000004008299c                esp_log_write
                0x0000000040082acc                esp_log_early_timestamp
                0x0000000040082ae8                esp_log_timestamp
 *fill*         0x0000000040082b26        0x2 
 .iram1         0x0000000040082b28       0x70 /home/david/EC444/EC444_Quest1/servo_v0/build/newlib/libnewlib.a(time.o)
                                         0x74 (size before relaxing)
                0x0000000040082b28                _gettimeofday_r
                0x0000000040082b70                _times_r
 .iram1         0x0000000040082b98       0x3c /home/david/EC444/EC444_Quest1/servo_v0/build/newlib/libnewlib.a(reent_init.o)
                0x0000000040082b98                esp_reent_init
 .iram1         0x0000000040082bd4       0x5a /home/david/EC444/EC444_Quest1/servo_v0/build/newlib/libnewlib.a(syscalls.o)
                                         0x62 (size before relaxing)
                0x0000000040082bd4                _malloc_r
                0x0000000040082be0                _free_r
                0x0000000040082bec                _realloc_r
                0x0000000040082c00                _calloc_r
 *fill*         0x0000000040082c2e        0x2 
 .iram1         0x0000000040082c30      0x1cc /home/david/EC444/EC444_Quest1/servo_v0/build/newlib/libnewlib.a(locks.o)
                                        0x210 (size before relaxing)
                0x0000000040082d48                _lock_init
                0x0000000040082d58                _lock_init_recursive
                0x0000000040082d68                _lock_close
                0x0000000040082da4                _lock_acquire
                0x0000000040082db4                _lock_acquire_recursive
                0x0000000040082dc4                _lock_try_acquire
                0x0000000040082dd4                _lock_try_acquire_recursive
                0x0000000040082de4                _lock_release
                0x0000000040082df0                _lock_release_recursive
 .iram1         0x0000000040082dfc      0x11a /home/david/EC444/EC444_Quest1/servo_v0/build/soc/libsoc.a(cpu_util.o)
                0x0000000040082dfc                esp_cpu_stall
                0x0000000040082e90                esp_cpu_unstall
                0x0000000040082ee4                esp_cpu_reset
                0x0000000040082f08                esp_cpu_in_ocd_debug_mode
 *fill*         0x0000000040082f16        0x2 
 .iram1         0x0000000040082f18      0x2f4 /home/david/EC444/EC444_Quest1/servo_v0/build/spi_flash/libspi_flash.a(cache_utils.o)
                                        0x340 (size before relaxing)
                0x0000000040082f7c                spi_flash_op_block_func
                0x0000000040083028                spi_flash_disable_interrupts_caches_and_other_cpu
                0x0000000040083108                spi_flash_enable_interrupts_caches_and_other_cpu
                0x00000000400831a0                spi_flash_disable_interrupts_caches_and_other_cpu_no_os
                0x00000000400831cc                spi_flash_enable_interrupts_caches_no_os
                0x00000000400831e8                spi_flash_cache_enabled
 .iram1         0x000000004008320c      0x722 /home/david/EC444/EC444_Quest1/servo_v0/build/spi_flash/libspi_flash.a(flash_ops.o)
                                        0x74a (size before relaxing)
                0x000000004008327c                spi_flash_guard_set
                0x0000000040083288                spi_flash_guard_get
                0x0000000040083294                spi_flash_get_chip_size
                0x00000000400832a0                spi_flash_erase_range
                0x0000000040083358                spi_flash_erase_sector
                0x000000004008337c                spi_flash_write
                0x0000000040083544                spi_flash_read
                0x00000000400837dc                spi_flash_read_encrypted
                0x0000000040083824                spi_flash_write_encrypted
 *fill*         0x000000004008392e        0x2 
 .iram1         0x0000000040083930      0x4ce /home/david/EC444/EC444_Quest1/servo_v0/build/spi_flash/libspi_flash.a(flash_mmap.o)
                                        0x502 (size before relaxing)
                0x0000000040083a5c                spi_flash_mmap_pages
                0x0000000040083c9c                spi_flash_mmap
                0x0000000040083d10                spi_flash_munmap
                0x0000000040083db4                spi_flash_mark_modified_region
 *fill*         0x0000000040083dfe        0x2 
 .iram1         0x0000000040083e00      0x839 /home/david/EC444/EC444_Quest1/servo_v0/build/driver/libdriver.a(i2c.o)
                                        0x859 (size before relaxing)
 *fill*         0x0000000040084639        0x0 
 *fill*         0x0000000040084639        0x0 
 *fill*         0x0000000040084639        0x0 
 *fill*         0x0000000040084639        0x0 
 *fill*         0x0000000040084639        0x0 
 *fill*         0x0000000040084639        0x0 
 *fill*         0x0000000040084639        0x0 
 *fill*         0x0000000040084639        0x3 
 .iram1         0x000000004008463c       0x20 /home/david/EC444/EC444_Quest1/servo_v0/build/esp32/libesp32.a(dbg_stubs.o)
 *fill*         0x000000004008465c        0x0 
 *fill*         0x000000004008465c        0x0 
 *fill*         0x000000004008465c        0x0 
 .iram1         0x000000004008465c       0x2e /home/david/EC444/EC444_Quest1/servo_v0/build/freertos/libfreertos.a(xtensa_vector_defaults.o)
                0x000000004008465c                xt_debugexception
                0x000000004008467c                xt_highint5
                0x0000000040084684                _xt_nmi
                0x0000000040084684                xt_nmi
 *fill*         0x000000004008468a        0x0 
 *fill*         0x000000004008468a        0x0 
 *fill*         0x000000004008468a        0x0 
 *fill*         0x000000004008468a        0x0 
 *fill*         0x000000004008468a        0x0 
 *fill*         0x000000004008468a        0x0 
 *fill*         0x000000004008468a        0x0 
 *libfreertos.a:(.literal .text .literal.* .text.*)
 *fill*         0x000000004008468a        0x2 
 .text.xt_unhandled_interrupt
                0x000000004008468c       0x16 /home/david/EC444/EC444_Quest1/servo_v0/build/freertos/libfreertos.a(xtensa_intr.o)
                0x000000004008468c                xt_unhandled_interrupt
 *fill*         0x00000000400846a2        0x2 
 .text.xt_set_interrupt_handler
                0x00000000400846a4       0x46 /home/david/EC444/EC444_Quest1/servo_v0/build/freertos/libfreertos.a(xtensa_intr.o)
                0x00000000400846a4                xt_set_interrupt_handler
 *fill*         0x00000000400846ea        0x2 
 .text.prvIsQueueFull
                0x00000000400846ec       0x2a /home/david/EC444/EC444_Quest1/servo_v0/build/freertos/libfreertos.a(queue.o)
 *fill*         0x0000000040084716        0x2 
 .text.prvCopyDataToQueue
                0x0000000040084718       0x9e /home/david/EC444/EC444_Quest1/servo_v0/build/freertos/libfreertos.a(queue.o)
 *fill*         0x00000000400847b6        0x2 
 .text.prvNotifyQueueSetContainer
                0x00000000400847b8       0x77 /home/david/EC444/EC444_Quest1/servo_v0/build/freertos/libfreertos.a(queue.o)
                                         0x8a (size before relaxing)
 *fill*         0x000000004008482f        0x1 
 .text.prvCopyDataFromQueue
                0x0000000040084830       0x24 /home/david/EC444/EC444_Quest1/servo_v0/build/freertos/libfreertos.a(queue.o)
 .text.xQueueGenericReset
                0x0000000040084854       0x86 /home/david/EC444/EC444_Quest1/servo_v0/build/freertos/libfreertos.a(queue.o)
                                         0x96 (size before relaxing)
                0x0000000040084854                xQueueGenericReset
 *fill*         0x00000000400848da        0x2 
 .text.prvInitialiseNewQueue
                0x00000000400848dc       0x1f /home/david/EC444/EC444_Quest1/servo_v0/build/freertos/libfreertos.a(queue.o)
                                         0x23 (size before relaxing)
 *fill*         0x00000000400848fb        0x1 
 .text.xQueueGenericCreate
                0x00000000400848fc       0x49 /home/david/EC444/EC444_Quest1/servo_v0/build/freertos/libfreertos.a(queue.o)
                                         0x4d (size before relaxing)
                0x00000000400848fc                xQueueGenericCreate
 *fill*         0x0000000040084945        0x3 
 .text.xQueueGetMutexHolder
                0x0000000040084948       0x23 /home/david/EC444/EC444_Quest1/servo_v0/build/freertos/libfreertos.a(queue.o)
                0x0000000040084948                xQueueGetMutexHolder
 *fill*         0x000000004008496b        0x1 
 .text.xQueueCreateCountingSemaphore
                0x000000004008496c       0x66 /home/david/EC444/EC444_Quest1/servo_v0/build/freertos/libfreertos.a(queue.o)
                                         0x6a (size before relaxing)
                0x000000004008496c                xQueueCreateCountingSemaphore
 *fill*         0x00000000400849d2        0x2 
 .text.xQueueGenericSend
                0x00000000400849d4      0x158 /home/david/EC444/EC444_Quest1/servo_v0/build/freertos/libfreertos.a(queue.o)
                                        0x18c (size before relaxing)
                0x00000000400849d4                xQueueGenericSend
 .text.prvInitialiseMutex
                0x0000000040084b2c       0x22 /home/david/EC444/EC444_Quest1/servo_v0/build/freertos/libfreertos.a(queue.o)
                                         0x26 (size before relaxing)
 *fill*         0x0000000040084b4e        0x2 
 .text.xQueueCreateMutex
                0x0000000040084b50       0x16 /home/david/EC444/EC444_Quest1/servo_v0/build/freertos/libfreertos.a(queue.o)
                                         0x1a (size before relaxing)
                0x0000000040084b50                xQueueCreateMutex
 *fill*         0x0000000040084b66        0x2 
 .text.xQueueGiveMutexRecursive
                0x0000000040084b68       0x48 /home/david/EC444/EC444_Quest1/servo_v0/build/freertos/libfreertos.a(queue.o)
                                         0x4c (size before relaxing)
                0x0000000040084b68                xQueueGiveMutexRecursive
 .text.xQueueGenericSendFromISR
                0x0000000040084bb0       0xd6 /home/david/EC444/EC444_Quest1/servo_v0/build/freertos/libfreertos.a(queue.o)
                                         0xe6 (size before relaxing)
                0x0000000040084bb0                xQueueGenericSendFromISR
 *fill*         0x0000000040084c86        0x2 
 .text.xQueueGiveFromISR
                0x0000000040084c88       0xb6 /home/david/EC444/EC444_Quest1/servo_v0/build/freertos/libfreertos.a(queue.o)
                                         0xc2 (size before relaxing)
                0x0000000040084c88                xQueueGiveFromISR
 *fill*         0x0000000040084d3e        0x2 
 .text.xQueueGenericReceive
                0x0000000040084d40      0x144 /home/david/EC444/EC444_Quest1/servo_v0/build/freertos/libfreertos.a(queue.o)
                                        0x178 (size before relaxing)
                0x0000000040084d40                xQueueGenericReceive
 .text.xQueueTakeMutexRecursive
                0x0000000040084e84       0x51 /home/david/EC444/EC444_Quest1/servo_v0/build/freertos/libfreertos.a(queue.o)
                0x0000000040084e84                xQueueTakeMutexRecursive
 *fill*         0x0000000040084ed5        0x3 
 .text.xQueueReceiveFromISR
                0x0000000040084ed8       0x96 /home/david/EC444/EC444_Quest1/servo_v0/build/freertos/libfreertos.a(queue.o)
                                         0xa6 (size before relaxing)
                0x0000000040084ed8                xQueueReceiveFromISR
 *fill*         0x0000000040084f6e        0x2 
 .text.uxQueueSpacesAvailable
                0x0000000040084f70       0x36 /home/david/EC444/EC444_Quest1/servo_v0/build/freertos/libfreertos.a(queue.o)
                                         0x3e (size before relaxing)
                0x0000000040084f70                uxQueueSpacesAvailable
 *fill*         0x0000000040084fa6        0x2 
 .text.vQueueDelete
                0x0000000040084fa8       0x28 /home/david/EC444/EC444_Quest1/servo_v0/build/freertos/libfreertos.a(queue.o)
                0x0000000040084fa8                vQueueDelete
 .text.vQueueWaitForMessageRestricted
                0x0000000040084fd0       0x23 /home/david/EC444/EC444_Quest1/servo_v0/build/freertos/libfreertos.a(queue.o)
                                         0x2a (size before relaxing)
                0x0000000040084fd0                vQueueWaitForMessageRestricted
 *fill*         0x0000000040084ff3        0x1 
 .text.pxPortInitialiseStack
                0x0000000040084ff4       0x86 /home/david/EC444/EC444_Quest1/servo_v0/build/freertos/libfreertos.a(port.o)
                0x0000000040084ff4                pxPortInitialiseStack
 *fill*         0x000000004008507a        0x2 
 .text.xPortStartScheduler
                0x000000004008507c       0x22 /home/david/EC444/EC444_Quest1/servo_v0/build/freertos/libfreertos.a(port.o)
                                         0x2e (size before relaxing)
                0x000000004008507c                xPortStartScheduler
 *fill*         0x000000004008509e        0x2 
 .text.xPortSysTickHandler
                0x00000000400850a0       0x10 /home/david/EC444/EC444_Quest1/servo_v0/build/freertos/libfreertos.a(port.o)
                                         0x16 (size before relaxing)
                0x00000000400850a0                xPortSysTickHandler
 *fill*         0x00000000400850b0        0x0 
 .text.vPortYieldOtherCore
                0x00000000400850b0        0xa /home/david/EC444/EC444_Quest1/servo_v0/build/freertos/libfreertos.a(port.o)
                                          0xe (size before relaxing)
                0x00000000400850b0                vPortYieldOtherCore
 *fill*         0x00000000400850ba        0x2 
 .text.vPortReleaseTaskMPUSettings
                0x00000000400850bc        0xa /home/david/EC444/EC444_Quest1/servo_v0/build/freertos/libfreertos.a(port.o)
                                          0xe (size before relaxing)
                0x00000000400850bc                vPortReleaseTaskMPUSettings
 *fill*         0x00000000400850c6        0x2 
 .text.xPortInIsrContext
                0x00000000400850c8       0x26 /home/david/EC444/EC444_Quest1/servo_v0/build/freertos/libfreertos.a(port.o)
                0x00000000400850c8                xPortInIsrContext
 *fill*         0x00000000400850ee        0x2 
 .text.vPortCPUInitializeMutex
                0x00000000400850f0        0xe /home/david/EC444/EC444_Quest1/servo_v0/build/freertos/libfreertos.a(port.o)
                0x00000000400850f0                vPortCPUInitializeMutex
 *fill*         0x00000000400850fe        0x2 
 .text.vPortCPUAcquireMutex
                0x0000000040085100       0x81 /home/david/EC444/EC444_Quest1/servo_v0/build/freertos/libfreertos.a(port.o)
                                         0x88 (size before relaxing)
                0x0000000040085100                vPortCPUAcquireMutex
 *fill*         0x0000000040085181        0x3 
 .text.vPortCPUReleaseMutex
                0x0000000040085184       0x4d /home/david/EC444/EC444_Quest1/servo_v0/build/freertos/libfreertos.a(port.o)
                                         0x50 (size before relaxing)
                0x0000000040085184                vPortCPUReleaseMutex
 *fill*         0x00000000400851d1        0x3 
 .text.prvResetNextTaskUnblockTime
                0x00000000400851d4       0x34 /home/david/EC444/EC444_Quest1/servo_v0/build/freertos/libfreertos.a(tasks.o)
 .text.prvDeleteTLS
                0x0000000040085208       0x40 /home/david/EC444/EC444_Quest1/servo_v0/build/freertos/libfreertos.a(tasks.o)
 .text.prvInitialiseNewTask
                0x0000000040085248       0xc4 /home/david/EC444/EC444_Quest1/servo_v0/build/freertos/libfreertos.a(tasks.o)
                                         0xd0 (size before relaxing)
 .text.prvInitialiseTaskLists
                0x000000004008530c       0x5a /home/david/EC444/EC444_Quest1/servo_v0/build/freertos/libfreertos.a(tasks.o)
                                         0x6e (size before relaxing)
 *fill*         0x0000000040085366        0x2 
 .text.prvDeleteTCB
                0x0000000040085368       0x56 /home/david/EC444/EC444_Quest1/servo_v0/build/freertos/libfreertos.a(tasks.o)
                                         0x5d (size before relaxing)
 *fill*         0x00000000400853be        0x2 
 .text.prvAddCurrentTaskToDelayedList
                0x00000000400853c0       0x66 /home/david/EC444/EC444_Quest1/servo_v0/build/freertos/libfreertos.a(tasks.o)
                                         0x6a (size before relaxing)
 *fill*         0x0000000040085426        0x2 
 .text.taskYIELD_OTHER_CORE
                0x0000000040085428       0x53 /home/david/EC444/EC444_Quest1/servo_v0/build/freertos/libfreertos.a(tasks.o)
                0x0000000040085428                taskYIELD_OTHER_CORE
 *fill*         0x000000004008547b        0x1 
 .text.vTaskSuspendAll
                0x000000004008547c       0x26 /home/david/EC444/EC444_Quest1/servo_v0/build/freertos/libfreertos.a(tasks.o)
                0x000000004008547c                vTaskSuspendAll
 *fill*         0x00000000400854a2        0x2 
 .text.xTaskGetIdleTaskHandleForCPU
                0x00000000400854a4       0x2a /home/david/EC444/EC444_Quest1/servo_v0/build/freertos/libfreertos.a(tasks.o)
                                         0x2e (size before relaxing)
                0x00000000400854a4                xTaskGetIdleTaskHandleForCPU
 *fill*         0x00000000400854ce        0x2 
 .text.vTaskSwitchContext
                0x00000000400854d0      0x27e /home/david/EC444/EC444_Quest1/servo_v0/build/freertos/libfreertos.a(tasks.o)
                                        0x28a (size before relaxing)
                0x00000000400854d0                vTaskSwitchContext
 *fill*         0x000000004008574e        0x2 
 .text.vTaskSetTimeOutState
                0x0000000040085750       0x34 /home/david/EC444/EC444_Quest1/servo_v0/build/freertos/libfreertos.a(tasks.o)
                0x0000000040085750                vTaskSetTimeOutState
 .text.xTaskGetCurrentTaskHandle
                0x0000000040085784       0x1f /home/david/EC444/EC444_Quest1/servo_v0/build/freertos/libfreertos.a(tasks.o)
                0x0000000040085784                xTaskGetCurrentTaskHandle
 *fill*         0x00000000400857a3        0x1 
 .text.__getreent
                0x00000000400857a4       0x19 /home/david/EC444/EC444_Quest1/servo_v0/build/freertos/libfreertos.a(tasks.o)
                0x00000000400857a4                __getreent
 *fill*         0x00000000400857bd        0x3 
 .text.pcTaskGetTaskName
                0x00000000400857c0       0x2a /home/david/EC444/EC444_Quest1/servo_v0/build/freertos/libfreertos.a(tasks.o)
                                         0x2d (size before relaxing)
                0x00000000400857c0                pcTaskGetTaskName
 *fill*         0x00000000400857ea        0x2 
 .text.xTaskGetAffinity
                0x00000000400857ec       0x10 /home/david/EC444/EC444_Quest1/servo_v0/build/freertos/libfreertos.a(tasks.o)
                                         0x13 (size before relaxing)
                0x00000000400857ec                xTaskGetAffinity
 *fill*         0x00000000400857fc        0x0 
 .text.xTaskGetCurrentTaskHandleForCPU
                0x00000000400857fc       0x18 /home/david/EC444/EC444_Quest1/servo_v0/build/freertos/libfreertos.a(tasks.o)
                0x00000000400857fc                xTaskGetCurrentTaskHandleForCPU
 .text.xTaskGetSchedulerState
                0x0000000040085814       0x37 /home/david/EC444/EC444_Quest1/servo_v0/build/freertos/libfreertos.a(tasks.o)
                0x0000000040085814                xTaskGetSchedulerState
 *fill*         0x000000004008584b        0x1 
 .text.vTaskEnterCritical
                0x000000004008584c       0xac /home/david/EC444/EC444_Quest1/servo_v0/build/freertos/libfreertos.a(tasks.o)
                                         0xb3 (size before relaxing)
                0x000000004008584c                vTaskEnterCritical
 *fill*         0x00000000400858f8        0x0 
 .text.vTaskExitCritical
                0x00000000400858f8       0x77 /home/david/EC444/EC444_Quest1/servo_v0/build/freertos/libfreertos.a(tasks.o)
                0x00000000400858f8                vTaskExitCritical
 *fill*         0x000000004008596f        0x1 
 .text.prvAddNewTaskToReadyList
                0x0000000040085970      0x160 /home/david/EC444/EC444_Quest1/servo_v0/build/freertos/libfreertos.a(tasks.o)
                                        0x173 (size before relaxing)
 *fill*         0x0000000040085ad0        0x0 
 .text.xTaskCreatePinnedToCore
                0x0000000040085ad0       0x6e /home/david/EC444/EC444_Quest1/servo_v0/build/freertos/libfreertos.a(tasks.o)
                                         0x76 (size before relaxing)
                0x0000000040085ad0                xTaskCreatePinnedToCore
 *fill*         0x0000000040085b3e        0x2 
 .text.vTaskStartScheduler
                0x0000000040085b40       0x77 /home/david/EC444/EC444_Quest1/servo_v0/build/freertos/libfreertos.a(tasks.o)
                                         0x82 (size before relaxing)
                0x0000000040085b40                vTaskStartScheduler
 *fill*         0x0000000040085bb7        0x1 
 .text.vTaskDelete
                0x0000000040085bb8      0x10a /home/david/EC444/EC444_Quest1/servo_v0/build/freertos/libfreertos.a(tasks.o)
                                        0x122 (size before relaxing)
                0x0000000040085bb8                vTaskDelete
 *fill*         0x0000000040085cc2        0x2 
 .text.vTaskDelay
                0x0000000040085cc4       0x70 /home/david/EC444/EC444_Quest1/servo_v0/build/freertos/libfreertos.a(tasks.o)
                                         0x80 (size before relaxing)
                0x0000000040085cc4                vTaskDelay
 .text.uxTaskPriorityGet
                0x0000000040085d34       0x1c /home/david/EC444/EC444_Quest1/servo_v0/build/freertos/libfreertos.a(tasks.o)
                                         0x23 (size before relaxing)
                0x0000000040085d34                uxTaskPriorityGet
 *fill*         0x0000000040085d50        0x0 
 .text.vTaskPrioritySet
                0x0000000040085d50      0x12d /home/david/EC444/EC444_Quest1/servo_v0/build/freertos/libfreertos.a(tasks.o)
                                        0x143 (size before relaxing)
                0x0000000040085d50                vTaskPrioritySet
 *fill*         0x0000000040085e7d        0x3 
 .text.prvCheckTasksWaitingTermination
                0x0000000040085e80       0xbe /home/david/EC444/EC444_Quest1/servo_v0/build/freertos/libfreertos.a(tasks.o)
                                         0xc6 (size before relaxing)
 *fill*         0x0000000040085f3e        0x2 
 .text.prvIdleTask
                0x0000000040085f40        0xf /home/david/EC444/EC444_Quest1/servo_v0/build/freertos/libfreertos.a(tasks.o)
                                         0x18 (size before relaxing)
 *fill*         0x0000000040085f4f        0x1 
 .text.xTaskGetTickCount
                0x0000000040085f50       0x1c /home/david/EC444/EC444_Quest1/servo_v0/build/freertos/libfreertos.a(tasks.o)
                                         0x20 (size before relaxing)
                0x0000000040085f50                xTaskGetTickCount
 .text.xTaskIncrementTick
                0x0000000040085f6c      0x1b2 /home/david/EC444/EC444_Quest1/servo_v0/build/freertos/libfreertos.a(tasks.o)
                                        0x1ce (size before relaxing)
                0x0000000040085f6c                xTaskIncrementTick
 *fill*         0x000000004008611e        0x2 
 .text.xTaskResumeAll
                0x0000000040086120      0x177 /home/david/EC444/EC444_Quest1/servo_v0/build/freertos/libfreertos.a(tasks.o)
                                        0x186 (size before relaxing)
                0x0000000040086120                xTaskResumeAll
 *fill*         0x0000000040086297        0x1 
 .text.vTaskPlaceOnEventList
                0x0000000040086298       0x83 /home/david/EC444/EC444_Quest1/servo_v0/build/freertos/libfreertos.a(tasks.o)
                                         0x97 (size before relaxing)
                0x0000000040086298                vTaskPlaceOnEventList
 *fill*         0x000000004008631b        0x1 
 .text.vTaskPlaceOnEventListRestricted
                0x000000004008631c       0x5b /home/david/EC444/EC444_Quest1/servo_v0/build/freertos/libfreertos.a(tasks.o)
                                         0x6f (size before relaxing)
                0x000000004008631c                vTaskPlaceOnEventListRestricted
 *fill*         0x0000000040086377        0x1 
 .text.xTaskRemoveFromEventList
                0x0000000040086378      0x134 /home/david/EC444/EC444_Quest1/servo_v0/build/freertos/libfreertos.a(tasks.o)
                                        0x143 (size before relaxing)
                0x0000000040086378                xTaskRemoveFromEventList
 *fill*         0x00000000400864ac        0x0 
 .text.xTaskCheckForTimeOut
                0x00000000400864ac       0x89 /home/david/EC444/EC444_Quest1/servo_v0/build/freertos/libfreertos.a(tasks.o)
                                         0x94 (size before relaxing)
                0x00000000400864ac                xTaskCheckForTimeOut
 *fill*         0x0000000040086535        0x3 
 .text.vTaskPriorityInherit
                0x0000000040086538       0xc4 /home/david/EC444/EC444_Quest1/servo_v0/build/freertos/libfreertos.a(tasks.o)
                                         0xdb (size before relaxing)
                0x0000000040086538                vTaskPriorityInherit
 *fill*         0x00000000400865fc        0x0 
 .text.xTaskPriorityDisinherit
                0x00000000400865fc       0x97 /home/david/EC444/EC444_Quest1/servo_v0/build/freertos/libfreertos.a(tasks.o)
                                         0xaa (size before relaxing)
                0x00000000400865fc                xTaskPriorityDisinherit
 *fill*         0x0000000040086693        0x1 
 .text.pvTaskIncrementMutexHeldCount
                0x0000000040086694       0x50 /home/david/EC444/EC444_Quest1/servo_v0/build/freertos/libfreertos.a(tasks.o)
                                         0x54 (size before relaxing)
                0x0000000040086694                pvTaskIncrementMutexHeldCount
 .text.prvGetNextExpireTime
                0x00000000400866e4       0x20 /home/david/EC444/EC444_Quest1/servo_v0/build/freertos/libfreertos.a(timers.o)
 .text.prvInsertTimerInActiveList
                0x0000000040086704       0x50 /home/david/EC444/EC444_Quest1/servo_v0/build/freertos/libfreertos.a(timers.o)
                                         0x54 (size before relaxing)
 .text.prvCheckForValidListAndQueue
                0x0000000040086754       0x66 /home/david/EC444/EC444_Quest1/servo_v0/build/freertos/libfreertos.a(timers.o)
                                         0x7e (size before relaxing)
 *fill*         0x00000000400867ba        0x2 
 .text.xTimerCreateTimerTask
                0x00000000400867bc       0x48 /home/david/EC444/EC444_Quest1/servo_v0/build/freertos/libfreertos.a(timers.o)
                                         0x4c (size before relaxing)
                0x00000000400867bc                xTimerCreateTimerTask
 .text.xTimerGenericCommand
                0x0000000040086804       0x55 /home/david/EC444/EC444_Quest1/servo_v0/build/freertos/libfreertos.a(timers.o)
                                         0x5d (size before relaxing)
                0x0000000040086804                xTimerGenericCommand
 *fill*         0x0000000040086859        0x3 
 .text.prvSwitchTimerLists
                0x000000004008685c       0x76 /home/david/EC444/EC444_Quest1/servo_v0/build/freertos/libfreertos.a(timers.o)
                                         0x82 (size before relaxing)
 *fill*         0x00000000400868d2        0x2 
 .text.prvSampleTimeNow
                0x00000000400868d4       0x2b /home/david/EC444/EC444_Quest1/servo_v0/build/freertos/libfreertos.a(timers.o)
                                         0x2f (size before relaxing)
 *fill*         0x00000000400868ff        0x1 
 .text.prvProcessExpiredTimer
                0x0000000040086900       0x53 /home/david/EC444/EC444_Quest1/servo_v0/build/freertos/libfreertos.a(timers.o)
                                         0x5f (size before relaxing)
 *fill*         0x0000000040086953        0x1 
 .text.prvProcessTimerOrBlockTask
                0x0000000040086954       0x58 /home/david/EC444/EC444_Quest1/servo_v0/build/freertos/libfreertos.a(timers.o)
                                         0x6c (size before relaxing)
 .text.prvProcessReceivedCommands
                0x00000000400869ac       0xd6 /home/david/EC444/EC444_Quest1/servo_v0/build/freertos/libfreertos.a(timers.o)
                                         0xe6 (size before relaxing)
 *fill*         0x0000000040086a82        0x2 
 .text.prvTimerTask
                0x0000000040086a84       0x15 /home/david/EC444/EC444_Quest1/servo_v0/build/freertos/libfreertos.a(timers.o)
                                         0x1d (size before relaxing)
 *fill*         0x0000000040086a99        0x3 
 .text          0x0000000040086a9c      0x12b /home/david/EC444/EC444_Quest1/servo_v0/build/freertos/libfreertos.a(xtensa_context.o)
                0x0000000040086a9c                _xt_context_save
                0x0000000040086b04                _xt_context_restore
                0x0000000040086b48                _xt_coproc_init